Kylin V11
[    0.000000] psci: Trusted OS migration not required
[    0.000000] Memory: 13368280K/16711680K available (18112K kernel code, 6366K rwdata, 15968K rodata, 6656K init, 2055K bss, 3212328K reserved, 131072K cma-reserved)
[    0.133700] Initialise system trusted keyrings
[    0.148829] ACPI GTDT: found 1 SBSA generic Watchdog(s).
[    0.164756] xhci-hcd-rust PHYT0039:00: xHCI Host Controller
[    0.164762] xhci-hcd-rust PHYT0039:00: new USB bus registered, assigned bus number 1
[    0.164791] xhci-hcd-rust PHYT0039:00: hcc params 0x08007f0d hci version 0x110 quirks 0x0010000000080090
[    0.164804] xhci-hcd-rust PHYT0039:00: irq 33, io mem 0x26f08000
[    0.164856] xhci-hcd-rust PHYT0039:00: xHCI Host Controller
[    0.164859] xhci-hcd-rust PHYT0039:00: new USB bus registered, assigned bus number 2
[    0.164862] xhci-hcd-rust PHYT0039:00: Host supports USB 3.1 Enhanced SuperSpeed
[    0.165412] xhci-hcd-rust PHYT0039:01: xHCI Host Controller
[    0.165416] xhci-hcd-rust PHYT0039:01: new USB bus registered, assigned bus number 3
[    0.165441] xhci-hcd-rust PHYT0039:01: hcc params 0x08007f0d hci version 0x110 quirks 0x0010000000080090
[    0.165450] xhci-hcd-rust PHYT0039:01: irq 34, io mem 0x26f28000
[    0.165496] xhci-hcd-rust PHYT0039:01: xHCI Host Controller
[    0.165498] xhci-hcd-rust PHYT0039:01: new USB bus registered, assigned bus number 4
[    0.165501] xhci-hcd-rust PHYT0039:01: Host supports USB 3.1 Enhanced SuperSpeed
[    0.165955] xhci-hcd-rust PHYT0039:02: xHCI Host Controller
[    0.165958] xhci-hcd-rust PHYT0039:02: new USB bus registered, assigned bus number 5
[    0.165983] xhci-hcd-rust PHYT0039:02: hcc params 0x08007f0d hci version 0x110 quirks 0x0010000000080090
[    0.165991] xhci-hcd-rust PHYT0039:02: irq 35, io mem 0x26f48000
[    0.166038] xhci-hcd-rust PHYT0039:02: xHCI Host Controller
[    0.166040] xhci-hcd-rust PHYT0039:02: new USB bus registered, assigned bus number 6
[    0.166043] xhci-hcd-rust PHYT0039:02: Host supports USB 3.0 SuperSpeed
[    0.166490] xhci-hcd-rust PHYT0039:03: xHCI Host Controller
[    0.166494] xhci-hcd-rust PHYT0039:03: new USB bus registered, assigned bus number 7
[    0.166518] xhci-hcd-rust PHYT0039:03: hcc params 0x08007f0d hci version 0x110 quirks 0x0010000000080090
[    0.166525] xhci-hcd-rust PHYT0039:03: irq 36, io mem 0x26f68000
[    0.166572] xhci-hcd-rust PHYT0039:03: xHCI Host Controller
[    0.166574] xhci-hcd-rust PHYT0039:03: new USB bus registered, assigned bus number 8
[    0.166577] xhci-hcd-rust PHYT0039:03: Host supports USB 3.0 SuperSpeed
[    0.167021] xhci-hcd-rust PHYT0039:04: xHCI Host Controller
[    0.167024] xhci-hcd-rust PHYT0039:04: new USB bus registered, assigned bus number 9
[    0.167044] xhci-hcd-rust PHYT0039:04: USB3 root hub has no ports
[    0.167046] xhci-hcd-rust PHYT0039:04: hcc params 0x08007f0d hci version 0x110 quirks 0x0010000000080090
[    0.167054] xhci-hcd-rust PHYT0039:04: irq 37, io mem 0x26f88000
[    0.167321] xhci-hcd-rust PHYT0039:05: xHCI Host Controller
[    0.167324] xhci-hcd-rust PHYT0039:05: new USB bus registered, assigned bus number 10
[    0.167342] xhci-hcd-rust PHYT0039:05: USB3 root hub has no ports
[    0.167344] xhci-hcd-rust PHYT0039:05: hcc params 0x08007f0d hci version 0x110 quirks 0x0010000000080090
[    0.167352] xhci-hcd-rust PHYT0039:05: irq 38, io mem 0x26fa8000
[    0.167618] xhci-hcd-rust PHYT0039:06: xHCI Host Controller
[    0.167621] xhci-hcd-rust PHYT0039:06: new USB bus registered, assigned bus number 11
[    0.167643] xhci-hcd-rust PHYT0039:06: hcc params 0x08007f0d hci version 0x110 quirks 0x0010000000080090
[    0.167651] xhci-hcd-rust PHYT0039:06: irq 39, io mem 0x26ee8000
[    0.167693] xhci-hcd-rust PHYT0039:06: xHCI Host Controller
[    0.167696] xhci-hcd-rust PHYT0039:06: new USB bus registered, assigned bus number 12
[    0.167698] xhci-hcd-rust PHYT0039:06: Host supports USB 3.0 SuperSpeed
[    0.178230] [INFO] [RUST] arm_smc_wdt: module init — registering platform driver
[    0.184357] watchdog: NMI not fully supported
[    0.184358] watchdog: Hard watchdog permanently disabled
[    0.429263] usb 10-1: new full-speed USB device number 2 using xhci-hcd-rust
[    0.429332] usb 9-1: new high-speed USB device number 2 using xhci-hcd-rust
[    2.611721] hid-generic 0018:347D:7853.0001: Rust input,hidraw0: I2C HID v1.00 Device [BLTP7853:00 347D:7853] on i2c-BLTP7853:00
[    2.637563] btusb(rust): rust_btusb_probe success
[    2.637616] btusb(rust): rust_btusb_open done
[    2.958304] btusb(rust): RTL: Setup complete
[    3.000437] hid-multitouch 0018:347D:7853.0001: Rust input,hidraw0: I2C HID v1.00 Device [BLTP7853:00 347D:7853] on i2c-BLTP7853:00
[    5.069307] btusb(rust): rust_btusb_flush done
[    5.069499] btusb(rust): rust_btusb_stop_traffic done
[    5.069512] btusb(rust): rust_btusb_close done
[    7.569278] btusb(rust): rust_btusb_stop_traffic done
[   45.239895] [INFO] [RUST] sbsa_gwdt: module init — registering platform driver
[   45.239938] [INFO] [RUST] probe: entry
[   45.239948] [INFO] [RUST] probe: MMIO mapped, clk=50000000 Hz
[   45.239950] [INFO] [RUST] probe: version=0 mediatek_quirk=0
[   45.239952] [INFO] [RUST] set_timeout: requested=10s clamped=10s WOR=250000000
[   45.241057] sbsa-gwdt sbsa-gwdt.0: Initialized with 10s timeout @ 50000000 Hz, action=0.
[   45.452177] [INFO] [RUST] softdog initialized: soft_margin=60s soft_panic=0 nowayout=0
[   48.568967] [INFO] [RUST] start: WCS_EN written
[   48.568978] [INFO] [RUST] stop: WCS cleared
[   48.569198] [INFO] [RUST] start: WCS_EN written
[   48.569204] [INFO] [RUST] stop: WCS cleared
[   48.569326] [INFO] [RUST] start: WCS_EN written
[   48.569331] [INFO] [RUST] stop: WCS cleared
[   48.569593] [INFO] [RUST] start: WCS_EN written
[   48.569599] [INFO] [RUST] stop: WCS cleared
[   48.569710] [INFO] [RUST] start: WCS_EN written
[   48.569714] [INFO] [RUST] stop: WCS cleared
[   50.570205] [INFO] [RUST] start: WCS_EN written
[   50.570216] [INFO] [RUST] set_timeout: requested=30s clamped=30s WOR=750000000
[   50.570237] [INFO] [RUST] set_timeout: requested=10s clamped=10s WOR=250000000
[   50.570240] [INFO] [RUST] stop: WCS cleared
[   50.570358] [INFO] [RUST] start: WCS_EN written
[   50.570364] [INFO] [RUST] stop: WCS cleared
[   50.570492] [INFO] [RUST] start: WCS_EN written
[   50.570498] [INFO] [RUST] stop: WCS cleared
[   50.799997] [INFO] [RUST] start: WCS_EN written
[   50.800007] [INFO] [RUST] stop: WCS cleared
[   50.800058] [INFO] [RUST] start: WCS_EN written
[   50.800081] [INFO] [RUST] stop: WCS cleared
[   50.800230] [INFO] [RUST] start: WCS_EN written
[   50.800237] [INFO] [RUST] stop: WCS cleared
[   50.800356] [INFO] [RUST] start: WCS_EN written
[   50.800378] [INFO] [RUST] set_timeout: requested=3600s clamped=170s WOR=4250000000
[   50.800398] [INFO] [RUST] set_timeout: requested=10s clamped=10s WOR=250000000
[   50.800401] [INFO] [RUST] stop: WCS cleared
[   50.800516] [INFO] [RUST] start: WCS_EN written
[   50.800524] [INFO] [RUST] stop: WCS cleared
[   50.800639] [INFO] [RUST] start: WCS_EN written
[   52.300776] [INFO] [RUST] stop: WCS cleared
[   52.688046] [INFO] [RUST] start: WCS_EN written
[   52.688058] [INFO] [RUST] stop: WCS cleared
[   52.688184] [INFO] [RUST] start: WCS_EN written
[   52.688189] [INFO] [RUST] stop: WCS cleared
[   52.692936] [INFO] [RUST] start: WCS_EN written
[   72.693492] [INFO] [RUST] stop: WCS cleared
[   72.693835] [INFO] [RUST] start: WCS_EN written
[   72.693845] [INFO] [RUST] stop: WCS cleared
[   72.694020] [INFO] [RUST] start: WCS_EN written
[   72.694046] [INFO] [RUST] set_timeout: requested=1s clamped=1s WOR=25000000
[   72.694064] [INFO] [RUST] set_timeout: requested=5s clamped=5s WOR=125000000
[   72.694082] [INFO] [RUST] set_timeout: requested=10s clamped=10s WOR=250000000
[   72.694099] [INFO] [RUST] set_timeout: requested=30s clamped=30s WOR=750000000
[   72.694117] [INFO] [RUST] set_timeout: requested=60s clamped=60s WOR=1500000000
[   72.694135] [INFO] [RUST] set_timeout: requested=80s clamped=80s WOR=2000000000
[   72.694152] [INFO] [RUST] set_timeout: requested=10s clamped=10s WOR=250000000
[   72.694155] [INFO] [RUST] stop: WCS cleared
[   72.694300] [INFO] [RUST] start: WCS_EN written
[   72.694304] [INFO] [RUST] stop: WCS cleared
[   72.694332] [INFO] [RUST] start: WCS_EN written
[   72.694351] [INFO] [RUST] stop: WCS cleared
[   72.694485] [INFO] [RUST] start: WCS_EN written
[   72.694489] [INFO] [RUST] set_timeout: requested=60s clamped=60s WOR=1500000000
[   72.694492] [INFO] [RUST] stop: WCS cleared
[   72.694496] [INFO] [RUST] start: WCS_EN written
[   72.694498] watchdog: watchdog0: watchdog did not stop!
[   74.194680] [INFO] [RUST] set_timeout: requested=10s clamped=10s WOR=250000000
[   74.194691] [INFO] [RUST] stop: WCS cleared
[   74.199008] [INFO] [RUST] sbsa_gwdt: module exit — unregistering platform driver
[   74.230049] [INFO] [RUST] sbsa_gwdt: module init — registering platform driver
[   74.230092] [INFO] [RUST] probe: entry
[   74.230104] [INFO] [RUST] probe: MMIO mapped, clk=50000000 Hz
[   74.230106] [INFO] [RUST] probe: version=0 mediatek_quirk=0
[   74.230108] [INFO] [RUST] set_timeout: requested=10s clamped=10s WOR=250000000
[   74.230600] sbsa-gwdt sbsa-gwdt.0: Initialized with 10s timeout @ 50000000 Hz, action=0.
[   74.257653] [INFO] [RUST] start: WCS_EN written
[   74.257659] [INFO] [RUST] stop: WCS cleared
[   74.456302] [INFO] [RUST] start: WCS_EN written
[   74.456313] [INFO] [RUST] stop: WCS cleared
[   74.456440] [INFO] [RUST] start: WCS_EN written
[   74.456448] [INFO] [RUST] stop: WCS cleared
[   74.456587] [INFO] [RUST] start: WCS_EN written
[   74.456591] [INFO] [RUST] stop: WCS cleared
[   74.456634] [INFO] [RUST] start: WCS_EN written
[   74.456656] [INFO] [RUST] set_timeout: requested=5s clamped=5s WOR=125000000
[   74.456677] [INFO] [RUST] set_timeout: requested=10s clamped=10s WOR=250000000
[   74.456697] [INFO] [RUST] set_timeout: requested=30s clamped=30s WOR=750000000
[   74.456717] [INFO] [RUST] set_timeout: requested=10s clamped=10s WOR=250000000
[   94.457179] [INFO] [RUST] stop: WCS cleared
[   94.457531] [INFO] [RUST] start: WCS_EN written
[   94.457536] [INFO] [RUST] stop: WCS cleared
[   94.458791] [INFO] [RUST] sbsa_gwdt: module exit — unregistering platform driver
[   94.488546] [INFO] [RUST] sbsa_gwdt: module init — registering platform driver
[   94.488586] [INFO] [RUST] probe: entry
[   94.488597] [INFO] [RUST] probe: MMIO mapped, clk=50000000 Hz
[   94.488599] [INFO] [RUST] probe: version=0 mediatek_quirk=0
[   94.488601] [INFO] [RUST] set_timeout: requested=10s clamped=10s WOR=250000000
[   94.488865] sbsa-gwdt sbsa-gwdt.0: Initialized with 10s timeout @ 50000000 Hz, action=0.
[   94.513619] [INFO] [RUST] start: WCS_EN written
[   94.513626] [INFO] [RUST] stop: WCS cleared
[   94.514745] [INFO] [RUST] sbsa_gwdt: module exit — unregistering platform driver
[   94.561430] [INFO] [RUST] sbsa_gwdt: module init — registering platform driver
[   94.561474] [INFO] [RUST] probe: entry
[   94.561486] [INFO] [RUST] probe: MMIO mapped, clk=50000000 Hz
[   94.561488] [INFO] [RUST] probe: version=0 mediatek_quirk=0
[   94.561491] [INFO] [RUST] set_timeout: requested=10s clamped=10s WOR=250000000
[   94.562822] sbsa-gwdt sbsa-gwdt.0: Initialized with 10s timeout @ 50000000 Hz, action=0.
[   94.581797] [INFO] [RUST] start: WCS_EN written
[   94.581806] [INFO] [RUST] stop: WCS cleared
[   94.583286] [INFO] [RUST] sbsa_gwdt: module exit — unregistering platform driver
[   94.605653] [INFO] [RUST] sbsa_gwdt: module init — registering platform driver
[   94.605696] [INFO] [RUST] probe: entry
[   94.605709] [INFO] [RUST] probe: MMIO mapped, clk=50000000 Hz
[   94.605711] [INFO] [RUST] probe: version=0 mediatek_quirk=0
[   94.605713] [INFO] [RUST] set_timeout: requested=10s clamped=10s WOR=250000000
[   94.606040] sbsa-gwdt sbsa-gwdt.0: Initialized with 10s timeout @ 50000000 Hz, action=0.
[   94.645784] [INFO] [RUST] start: WCS_EN written
[   94.645793] [INFO] [RUST] stop: WCS cleared
[   94.647291] [INFO] [RUST] sbsa_gwdt: module exit — unregistering platform driver
[   94.688491] [INFO] [RUST] sbsa_gwdt: module init — registering platform driver
[   94.688532] [INFO] [RUST] probe: entry
[   94.688542] [INFO] [RUST] probe: MMIO mapped, clk=50000000 Hz
[   94.688543] [INFO] [RUST] probe: version=0 mediatek_quirk=0
[   94.688545] [INFO] [RUST] set_timeout: requested=10s clamped=10s WOR=250000000
[   94.688803] sbsa-gwdt sbsa-gwdt.0: Initialized with 10s timeout @ 50000000 Hz, action=0.
[   94.709607] [INFO] [RUST] start: WCS_EN written
[   94.709614] [INFO] [RUST] stop: WCS cleared
[   94.710722] [INFO] [RUST] sbsa_gwdt: module exit — unregistering platform driver
[   94.733587] [INFO] [RUST] sbsa_gwdt: module init — registering platform driver
[   94.733628] [INFO] [RUST] probe: entry
[   94.733640] [INFO] [RUST] probe: MMIO mapped, clk=50000000 Hz
[   94.733642] [INFO] [RUST] probe: version=0 mediatek_quirk=0
[   94.733644] [INFO] [RUST] set_timeout: requested=10s clamped=10s WOR=250000000
[   94.734153] sbsa-gwdt sbsa-gwdt.0: Initialized with 10s timeout @ 50000000 Hz, action=0.
[   94.765612] [INFO] [RUST] start: WCS_EN written
[   94.765618] [INFO] [RUST] stop: WCS cleared
[   94.767002] [INFO] [RUST] sbsa_gwdt: module exit — unregistering platform driver
[   94.797668] [INFO] [RUST] sbsa_gwdt: module init — registering platform driver
[   94.797707] [INFO] [RUST] probe: entry
[   94.797718] [INFO] [RUST] probe: MMIO mapped, clk=50000000 Hz
[   94.797720] [INFO] [RUST] probe: version=0 mediatek_quirk=0
[   94.797722] [INFO] [RUST] set_timeout: requested=10s clamped=10s WOR=250000000
[   94.798043] sbsa-gwdt sbsa-gwdt.0: Initialized with 10s timeout @ 50000000 Hz, action=0.
[   94.829622] [INFO] [RUST] start: WCS_EN written
[   94.829628] [INFO] [RUST] stop: WCS cleared
[   94.830991] [INFO] [RUST] sbsa_gwdt: module exit — unregistering platform driver
[   94.869558] [INFO] [RUST] sbsa_gwdt: module init — registering platform driver
[   94.869597] [INFO] [RUST] probe: entry
[   94.869609] [INFO] [RUST] probe: MMIO mapped, clk=50000000 Hz
[   94.869611] [INFO] [RUST] probe: version=0 mediatek_quirk=0
[   94.869613] [INFO] [RUST] set_timeout: requested=10s clamped=10s WOR=250000000
[   94.870068] sbsa-gwdt sbsa-gwdt.0: Initialized with 10s timeout @ 50000000 Hz, action=0.
[   94.893636] [INFO] [RUST] start: WCS_EN written
[   94.893642] [INFO] [RUST] stop: WCS cleared
[   94.894979] [INFO] [RUST] sbsa_gwdt: module exit — unregistering platform driver
[   94.933259] [INFO] [RUST] sbsa_gwdt: module init — registering platform driver
[   94.933298] [INFO] [RUST] probe: entry
[   94.933309] [INFO] [RUST] probe: MMIO mapped, clk=50000000 Hz
[   94.933311] [INFO] [RUST] probe: version=0 mediatek_quirk=0
[   94.933313] [INFO] [RUST] set_timeout: requested=10s clamped=10s WOR=250000000
[   94.933669] sbsa-gwdt sbsa-gwdt.0: Initialized with 10s timeout @ 50000000 Hz, action=0.
[   94.953629] [INFO] [RUST] start: WCS_EN written
[   94.953635] [INFO] [RUST] stop: WCS cleared
[   94.955014] [INFO] [RUST] sbsa_gwdt: module exit — unregistering platform driver
[   94.993386] [INFO] [RUST] sbsa_gwdt: module init — registering platform driver
[   94.993425] [INFO] [RUST] probe: entry
[   94.993437] [INFO] [RUST] probe: MMIO mapped, clk=50000000 Hz
[   94.993439] [INFO] [RUST] probe: version=0 mediatek_quirk=0
[   94.993441] [INFO] [RUST] set_timeout: requested=10s clamped=10s WOR=250000000
[   94.993709] sbsa-gwdt sbsa-gwdt.0: Initialized with 10s timeout @ 50000000 Hz, action=0.
[   95.017638] [INFO] [RUST] start: WCS_EN written
[   95.017644] [INFO] [RUST] stop: WCS cleared
[   95.019037] [INFO] [RUST] sbsa_gwdt: module exit — unregistering platform driver
[   95.037224] [INFO] [RUST] sbsa_gwdt: module init — registering platform driver
[   95.037277] [INFO] [RUST] probe: entry
[   95.037289] [INFO] [RUST] probe: MMIO mapped, clk=50000000 Hz
[   95.037292] [INFO] [RUST] probe: version=0 mediatek_quirk=0
[   95.037294] [INFO] [RUST] set_timeout: requested=10s clamped=10s WOR=250000000
[   95.037564] sbsa-gwdt sbsa-gwdt.0: Initialized with 10s timeout @ 50000000 Hz, action=0.
[   95.057627] [INFO] [RUST] start: WCS_EN written
[   95.057632] [INFO] [RUST] stop: WCS cleared
[  219.395379] watchdog: watchdog1: watchdog did not stop!
[  220.938541] [INFO] [RUST] softdog initialized: soft_margin=60s soft_panic=0 nowayout=0
[  341.219779] [INFO] [RUST] softdog initialized: soft_margin=60s soft_panic=0 nowayout=0
[  341.275921] [INFO] [RUST] softdog initialized: soft_margin=60s soft_panic=0 nowayout=0
[  341.326961] [INFO] [RUST] softdog initialized: soft_margin=60s soft_panic=0 nowayout=0
[  341.391814] [INFO] [RUST] softdog initialized: soft_margin=60s soft_panic=0 nowayout=0
[  341.454457] [INFO] [RUST] softdog initialized: soft_margin=60s soft_panic=0 nowayout=0
[  341.531819] [INFO] [RUST] softdog initialized: soft_margin=60s soft_panic=0 nowayout=0
[  341.602741] [INFO] [RUST] softdog initialized: soft_margin=60s soft_panic=0 nowayout=0
[  341.675497] [INFO] [RUST] softdog initialized: soft_margin=60s soft_panic=0 nowayout=0
[  341.738906] [INFO] [RUST] softdog initialized: soft_margin=60s soft_panic=0 nowayout=0
[  341.807447] [INFO] [RUST] softdog initialized: soft_margin=60s soft_panic=0 nowayout=0
[  342.215328] [INFO] [RUST] sbsa_gwdt: module exit — unregistering platform driver
[ 1389.936030] [INFO] [RUST] sbsa_gwdt: module init — registering platform driver
[ 1389.936072] [INFO] [RUST] probe: entry
[ 1389.936083] [INFO] [RUST] probe: MMIO mapped, clk=50000000 Hz
[ 1389.936085] [INFO] [RUST] probe: version=0 mediatek_quirk=0
[ 1389.936086] [INFO] [RUST] set_timeout: requested=10s clamped=10s WOR=250000000
[ 1389.937195] sbsa-gwdt sbsa-gwdt.0: Initialized with 10s timeout @ 50000000 Hz, action=0.
[ 1393.150240] [INFO] [RUST] start: WCS_EN written
[ 1393.150251] [INFO] [RUST] stop: WCS cleared
[ 1393.150470] [INFO] [RUST] start: WCS_EN written
[ 1393.150476] [INFO] [RUST] stop: WCS cleared
[ 1393.150587] [INFO] [RUST] start: WCS_EN written
[ 1393.150592] [INFO] [RUST] stop: WCS cleared
[ 1393.150823] [INFO] [RUST] start: WCS_EN written
[ 1393.150828] [INFO] [RUST] stop: WCS cleared
[ 1393.150938] [INFO] [RUST] start: WCS_EN written
[ 1393.150942] [INFO] [RUST] stop: WCS cleared
[ 1395.151425] [INFO] [RUST] start: WCS_EN written
[ 1395.151436] [INFO] [RUST] set_timeout: requested=30s clamped=30s WOR=750000000
[ 1395.151456] [INFO] [RUST] set_timeout: requested=10s clamped=10s WOR=250000000
[ 1395.151460] [INFO] [RUST] stop: WCS cleared
[ 1395.151580] [INFO] [RUST] start: WCS_EN written
[ 1395.151586] [INFO] [RUST] stop: WCS cleared
[ 1395.151717] [INFO] [RUST] start: WCS_EN written
[ 1395.151722] [INFO] [RUST] stop: WCS cleared
[ 1395.333578] [INFO] [RUST] start: WCS_EN written
[ 1395.333587] [INFO] [RUST] stop: WCS cleared
[ 1395.333622] [INFO] [RUST] start: WCS_EN written
[ 1395.333638] [INFO] [RUST] stop: WCS cleared
[ 1395.333770] [INFO] [RUST] start: WCS_EN written
[ 1395.333775] [INFO] [RUST] stop: WCS cleared
[ 1395.333877] [INFO] [RUST] start: WCS_EN written
[ 1395.333892] [INFO] [RUST] set_timeout: requested=3600s clamped=170s WOR=4250000000
[ 1395.333905] [INFO] [RUST] set_timeout: requested=10s clamped=10s WOR=250000000
[ 1395.333907] [INFO] [RUST] stop: WCS cleared
[ 1395.334010] [INFO] [RUST] start: WCS_EN written
[ 1395.334015] [INFO] [RUST] stop: WCS cleared
[ 1395.334187] [INFO] [RUST] start: WCS_EN written
[ 1396.834259] [INFO] [RUST] stop: WCS cleared
[ 1397.222376] [INFO] [RUST] start: WCS_EN written
[ 1397.222387] [INFO] [RUST] stop: WCS cleared
[ 1397.222522] [INFO] [RUST] start: WCS_EN written
[ 1397.222527] [INFO] [RUST] stop: WCS cleared
[ 1397.227916] [INFO] [RUST] start: WCS_EN written
[ 1417.228248] [INFO] [RUST] stop: WCS cleared
[ 1417.228625] [INFO] [RUST] start: WCS_EN written
[ 1417.228632] [INFO] [RUST] stop: WCS cleared
[ 1417.228772] [INFO] [RUST] start: WCS_EN written
[ 1417.228795] [INFO] [RUST] set_timeout: requested=1s clamped=1s WOR=25000000
[ 1417.228814] [INFO] [RUST] set_timeout: requested=5s clamped=5s WOR=125000000
[ 1417.228831] [INFO] [RUST] set_timeout: requested=10s clamped=10s WOR=250000000
[ 1417.228849] [INFO] [RUST] set_timeout: requested=30s clamped=30s WOR=750000000
[ 1417.228866] [INFO] [RUST] set_timeout: requested=60s clamped=60s WOR=1500000000
[ 1417.228884] [INFO] [RUST] set_timeout: requested=80s clamped=80s WOR=2000000000
[ 1417.228901] [INFO] [RUST] set_timeout: requested=10s clamped=10s WOR=250000000
[ 1417.228904] [INFO] [RUST] stop: WCS cleared
[ 1417.229050] [INFO] [RUST] start: WCS_EN written
[ 1417.229053] [INFO] [RUST] stop: WCS cleared
[ 1417.229080] [INFO] [RUST] start: WCS_EN written
[ 1417.229098] [INFO] [RUST] stop: WCS cleared
[ 1417.229241] [INFO] [RUST] start: WCS_EN written
[ 1417.229245] [INFO] [RUST] set_timeout: requested=60s clamped=60s WOR=1500000000
[ 1417.229248] [INFO] [RUST] stop: WCS cleared
[ 1417.229252] [INFO] [RUST] start: WCS_EN written
[ 1417.229254] watchdog: watchdog0: watchdog did not stop!
[ 1418.729392] [INFO] [RUST] set_timeout: requested=10s clamped=10s WOR=250000000
[ 1418.729402] [INFO] [RUST] stop: WCS cleared
[ 1418.733983] [INFO] [RUST] sbsa_gwdt: module exit — unregistering platform driver
[ 1418.776383] [INFO] [RUST] sbsa_gwdt: module init — registering platform driver
[ 1418.776426] [INFO] [RUST] probe: entry
[ 1418.776437] [INFO] [RUST] probe: MMIO mapped, clk=50000000 Hz
[ 1418.776439] [INFO] [RUST] probe: version=0 mediatek_quirk=0
[ 1418.776441] [INFO] [RUST] set_timeout: requested=10s clamped=10s WOR=250000000
[ 1418.776752] sbsa-gwdt sbsa-gwdt.0: Initialized with 10s timeout @ 50000000 Hz, action=0.
[ 1418.808250] [INFO] [RUST] start: WCS_EN written
[ 1418.808258] [INFO] [RUST] stop: WCS cleared
[ 1419.038279] [INFO] [RUST] start: WCS_EN written
[ 1419.038290] [INFO] [RUST] stop: WCS cleared
[ 1419.038418] [INFO] [RUST] start: WCS_EN written
[ 1419.038425] [INFO] [RUST] stop: WCS cleared
[ 1419.038582] [INFO] [RUST] start: WCS_EN written
[ 1419.038587] [INFO] [RUST] stop: WCS cleared
[ 1419.038631] [INFO] [RUST] start: WCS_EN written
[ 1419.038654] [INFO] [RUST] set_timeout: requested=5s clamped=5s WOR=125000000
[ 1419.038674] [INFO] [RUST] set_timeout: requested=10s clamped=10s WOR=250000000
[ 1419.038694] [INFO] [RUST] set_timeout: requested=30s clamped=30s WOR=750000000
[ 1419.038714] [INFO] [RUST] set_timeout: requested=10s clamped=10s WOR=250000000
[ 1439.039146] [INFO] [RUST] stop: WCS cleared
[ 1439.039553] [INFO] [RUST] start: WCS_EN written
[ 1439.039561] [INFO] [RUST] stop: WCS cleared
[ 1439.041110] [INFO] [RUST] sbsa_gwdt: module exit — unregistering platform driver
[ 1439.063916] [INFO] [RUST] sbsa_gwdt: module init — registering platform driver
[ 1439.063958] [INFO] [RUST] probe: entry
[ 1439.063969] [INFO] [RUST] probe: MMIO mapped, clk=50000000 Hz
[ 1439.063971] [INFO] [RUST] probe: version=0 mediatek_quirk=0
[ 1439.063973] [INFO] [RUST] set_timeout: requested=10s clamped=10s WOR=250000000
[ 1439.064221] sbsa-gwdt sbsa-gwdt.0: Initialized with 10s timeout @ 50000000 Hz, action=0.
[ 1439.096220] [INFO] [RUST] start: WCS_EN written
[ 1439.096229] [INFO] [RUST] stop: WCS cleared
[ 1439.097632] [INFO] [RUST] sbsa_gwdt: module exit — unregistering platform driver
[ 1439.140539] [INFO] [RUST] sbsa_gwdt: module init — registering platform driver
[ 1439.140579] [INFO] [RUST] probe: entry
[ 1439.140590] [INFO] [RUST] probe: MMIO mapped, clk=50000000 Hz
[ 1439.140593] [INFO] [RUST] probe: version=0 mediatek_quirk=0
[ 1439.140595] [INFO] [RUST] set_timeout: requested=10s clamped=10s WOR=250000000
[ 1439.141114] sbsa-gwdt sbsa-gwdt.0: Initialized with 10s timeout @ 50000000 Hz, action=0.
[ 1439.164209] [INFO] [RUST] start: WCS_EN written
[ 1439.164217] [INFO] [RUST] stop: WCS cleared
[ 1439.165590] [INFO] [RUST] sbsa_gwdt: module exit — unregistering platform driver
[ 1439.192068] [INFO] [RUST] sbsa_gwdt: module init — registering platform driver
[ 1439.192109] [INFO] [RUST] probe: entry
[ 1439.192120] [INFO] [RUST] probe: MMIO mapped, clk=50000000 Hz
[ 1439.192122] [INFO] [RUST] probe: version=0 mediatek_quirk=0
[ 1439.192124] [INFO] [RUST] set_timeout: requested=10s clamped=10s WOR=250000000
[ 1439.192334] sbsa-gwdt sbsa-gwdt.0: Initialized with 10s timeout @ 50000000 Hz, action=0.
[ 1439.224194] [INFO] [RUST] start: WCS_EN written
[ 1439.224201] [INFO] [RUST] stop: WCS cleared
[ 1439.225584] [INFO] [RUST] sbsa_gwdt: module exit — unregistering platform driver
[ 1439.267273] [INFO] [RUST] sbsa_gwdt: module init — registering platform driver
[ 1439.267312] [INFO] [RUST] probe: entry
[ 1439.267321] [INFO] [RUST] probe: MMIO mapped, clk=50000000 Hz
[ 1439.267323] [INFO] [RUST] probe: version=0 mediatek_quirk=0
[ 1439.267324] [INFO] [RUST] set_timeout: requested=10s clamped=10s WOR=250000000
[ 1439.267849] sbsa-gwdt sbsa-gwdt.0: Initialized with 10s timeout @ 50000000 Hz, action=0.
[ 1439.296197] [INFO] [RUST] start: WCS_EN written
[ 1439.296205] [INFO] [RUST] stop: WCS cleared
[ 1439.297593] [INFO] [RUST] sbsa_gwdt: module exit — unregistering platform driver
[ 1439.331924] [INFO] [RUST] sbsa_gwdt: module init — registering platform driver
[ 1439.331963] [INFO] [RUST] probe: entry
[ 1439.331975] [INFO] [RUST] probe: MMIO mapped, clk=50000000 Hz
[ 1439.331977] [INFO] [RUST] probe: version=0 mediatek_quirk=0
[ 1439.331980] [INFO] [RUST] set_timeout: requested=10s clamped=10s WOR=250000000
[ 1439.332197] sbsa-gwdt sbsa-gwdt.0: Initialized with 10s timeout @ 50000000 Hz, action=0.
[ 1439.352186] [INFO] [RUST] start: WCS_EN written
[ 1439.352193] [INFO] [RUST] stop: WCS cleared
[ 1439.353555] [INFO] [RUST] sbsa_gwdt: module exit — unregistering platform driver
[ 1439.387843] [INFO] [RUST] sbsa_gwdt: module init — registering platform driver
[ 1439.387883] [INFO] [RUST] probe: entry
[ 1439.387895] [INFO] [RUST] probe: MMIO mapped, clk=50000000 Hz
[ 1439.387897] [INFO] [RUST] probe: version=0 mediatek_quirk=0
[ 1439.387899] [INFO] [RUST] set_timeout: requested=10s clamped=10s WOR=250000000
[ 1439.388128] sbsa-gwdt sbsa-gwdt.0: Initialized with 10s timeout @ 50000000 Hz, action=0.
[ 1439.408197] [INFO] [RUST] start: WCS_EN written
[ 1439.408205] [INFO] [RUST] stop: WCS cleared
[ 1439.409582] [INFO] [RUST] sbsa_gwdt: module exit — unregistering platform driver
[ 1439.443156] [INFO] [RUST] sbsa_gwdt: module init — registering platform driver
[ 1439.443193] [INFO] [RUST] probe: entry
[ 1439.443203] [INFO] [RUST] probe: MMIO mapped, clk=50000000 Hz
[ 1439.443205] [INFO] [RUST] probe: version=0 mediatek_quirk=0
[ 1439.443207] [INFO] [RUST] set_timeout: requested=10s clamped=10s WOR=250000000
[ 1439.443405] sbsa-gwdt sbsa-gwdt.0: Initialized with 10s timeout @ 50000000 Hz, action=0.
[ 1439.456160] [INFO] [RUST] start: WCS_EN written
[ 1439.456167] [INFO] [RUST] stop: WCS cleared
[ 1439.457260] [INFO] [RUST] sbsa_gwdt: module exit — unregistering platform driver
[ 1439.488225] [INFO] [RUST] sbsa_gwdt: module init — registering platform driver
[ 1439.488266] [INFO] [RUST] probe: entry
[ 1439.488276] [INFO] [RUST] probe: MMIO mapped, clk=50000000 Hz
[ 1439.488278] [INFO] [RUST] probe: version=0 mediatek_quirk=0
[ 1439.488280] [INFO] [RUST] set_timeout: requested=10s clamped=10s WOR=250000000
[ 1439.488641] sbsa-gwdt sbsa-gwdt.0: Initialized with 10s timeout @ 50000000 Hz, action=0.
[ 1439.520205] [INFO] [RUST] start: WCS_EN written
[ 1439.520213] [INFO] [RUST] stop: WCS cleared
[ 1439.521590] [INFO] [RUST] sbsa_gwdt: module exit — unregistering platform driver
[ 1439.559818] [INFO] [RUST] sbsa_gwdt: module init — registering platform driver
[ 1439.559859] [INFO] [RUST] probe: entry
[ 1439.559870] [INFO] [RUST] probe: MMIO mapped, clk=50000000 Hz
[ 1439.559872] [INFO] [RUST] probe: version=0 mediatek_quirk=0
[ 1439.559874] [INFO] [RUST] set_timeout: requested=10s clamped=10s WOR=250000000
[ 1439.560162] sbsa-gwdt sbsa-gwdt.0: Initialized with 10s timeout @ 50000000 Hz, action=0.
[ 1439.592197] [INFO] [RUST] start: WCS_EN written
[ 1439.592205] [INFO] [RUST] stop: WCS cleared
[ 1439.593574] [INFO] [RUST] sbsa_gwdt: module exit — unregistering platform driver
[ 1439.627903] [INFO] [RUST] sbsa_gwdt: module init — registering platform driver
[ 1439.627942] [INFO] [RUST] probe: entry
[ 1439.627953] [INFO] [RUST] probe: MMIO mapped, clk=50000000 Hz
[ 1439.627955] [INFO] [RUST] probe: version=0 mediatek_quirk=0
[ 1439.627957] [INFO] [RUST] set_timeout: requested=10s clamped=10s WOR=250000000
[ 1439.628167] sbsa-gwdt sbsa-gwdt.0: Initialized with 10s timeout @ 50000000 Hz, action=0.
[ 1439.656180] [INFO] [RUST] start: WCS_EN written
[ 1439.656187] [INFO] [RUST] stop: WCS cleared
[ 1564.015560] watchdog: watchdog1: watchdog did not stop!
[ 1565.540244] [INFO] [RUST] softdog initialized: soft_margin=60s soft_panic=0 nowayout=0
[ 1685.843297] [INFO] [RUST] softdog initialized: soft_margin=60s soft_panic=0 nowayout=0
[ 1685.884197] [INFO] [RUST] softdog initialized: soft_margin=60s soft_panic=0 nowayout=0
[ 1685.931836] [INFO] [RUST] softdog initialized: soft_margin=60s soft_panic=0 nowayout=0
[ 1685.995027] [INFO] [RUST] softdog initialized: soft_margin=60s soft_panic=0 nowayout=0
[ 1686.052818] [INFO] [RUST] softdog initialized: soft_margin=60s soft_panic=0 nowayout=0
[ 1686.128861] [INFO] [RUST] softdog initialized: soft_margin=60s soft_panic=0 nowayout=0
[ 1686.196048] [INFO] [RUST] softdog initialized: soft_margin=60s soft_panic=0 nowayout=0
[ 1686.247766] [INFO] [RUST] softdog initialized: soft_margin=60s soft_panic=0 nowayout=0
[ 1686.308356] [INFO] [RUST] softdog initialized: soft_margin=60s soft_panic=0 nowayout=0
[ 1686.347773] [INFO] [RUST] softdog initialized: soft_margin=60s soft_panic=0 nowayout=0
[ 1686.768955] [INFO] [RUST] sbsa_gwdt: module exit — unregistering platform driver
