[ 1389.936030] [INFO] [RUST] sbsa_gwdt: module init — registering platform driver
[ 1389.936072] [INFO] [RUST] probe: entry
[ 1389.936083] [INFO] [RUST] probe: MMIO mapped, clk=50000000 Hz
[ 1389.936085] [INFO] [RUST] probe: version=0 mediatek_quirk=0
[ 1389.936086] [INFO] [RUST] set_timeout: requested=10s clamped=10s WOR=250000000
[ 1389.937195] sbsa-gwdt sbsa-gwdt.0: Initialized with 10s timeout @ 50000000 Hz, action=0.
[ 1393.150240] [INFO] [RUST] start: WCS_EN written
[ 1393.150251] [INFO] [RUST] stop: WCS cleared
[ 1393.150470] [INFO] [RUST] start: WCS_EN written
[ 1393.150476] [INFO] [RUST] stop: WCS cleared
[ 1393.150587] [INFO] [RUST] start: WCS_EN written
[ 1393.150592] [INFO] [RUST] stop: WCS cleared
[ 1393.150823] [INFO] [RUST] start: WCS_EN written
[ 1393.150828] [INFO] [RUST] stop: WCS cleared
[ 1393.150938] [INFO] [RUST] start: WCS_EN written
[ 1393.150942] [INFO] [RUST] stop: WCS cleared
[ 1395.151425] [INFO] [RUST] start: WCS_EN written
[ 1395.151436] [INFO] [RUST] set_timeout: requested=30s clamped=30s WOR=750000000
[ 1395.151456] [INFO] [RUST] set_timeout: requested=10s clamped=10s WOR=250000000
[ 1395.151460] [INFO] [RUST] stop: WCS cleared
[ 1395.151580] [INFO] [RUST] start: WCS_EN written
[ 1395.151586] [INFO] [RUST] stop: WCS cleared
[ 1395.151717] [INFO] [RUST] start: WCS_EN written
[ 1395.151722] [INFO] [RUST] stop: WCS cleared
[ 1395.333578] [INFO] [RUST] start: WCS_EN written
[ 1395.333587] [INFO] [RUST] stop: WCS cleared
[ 1395.333622] [INFO] [RUST] start: WCS_EN written
[ 1395.333638] [INFO] [RUST] stop: WCS cleared
[ 1395.333770] [INFO] [RUST] start: WCS_EN written
[ 1395.333775] [INFO] [RUST] stop: WCS cleared
[ 1395.333877] [INFO] [RUST] start: WCS_EN written
[ 1395.333892] [INFO] [RUST] set_timeout: requested=3600s clamped=170s WOR=4250000000
[ 1395.333905] [INFO] [RUST] set_timeout: requested=10s clamped=10s WOR=250000000
[ 1395.333907] [INFO] [RUST] stop: WCS cleared
[ 1395.334010] [INFO] [RUST] start: WCS_EN written
[ 1395.334015] [INFO] [RUST] stop: WCS cleared
[ 1395.334187] [INFO] [RUST] start: WCS_EN written
[ 1396.834259] [INFO] [RUST] stop: WCS cleared
[ 1397.222376] [INFO] [RUST] start: WCS_EN written
[ 1397.222387] [INFO] [RUST] stop: WCS cleared
[ 1397.222522] [INFO] [RUST] start: WCS_EN written
[ 1397.222527] [INFO] [RUST] stop: WCS cleared
[ 1397.227916] [INFO] [RUST] start: WCS_EN written
[ 1417.228248] [INFO] [RUST] stop: WCS cleared
[ 1417.228625] [INFO] [RUST] start: WCS_EN written
[ 1417.228632] [INFO] [RUST] stop: WCS cleared
[ 1417.228772] [INFO] [RUST] start: WCS_EN written
[ 1417.228795] [INFO] [RUST] set_timeout: requested=1s clamped=1s WOR=25000000
[ 1417.228814] [INFO] [RUST] set_timeout: requested=5s clamped=5s WOR=125000000
[ 1417.228831] [INFO] [RUST] set_timeout: requested=10s clamped=10s WOR=250000000
[ 1417.228849] [INFO] [RUST] set_timeout: requested=30s clamped=30s WOR=750000000
[ 1417.228866] [INFO] [RUST] set_timeout: requested=60s clamped=60s WOR=1500000000
[ 1417.228884] [INFO] [RUST] set_timeout: requested=80s clamped=80s WOR=2000000000
[ 1417.228901] [INFO] [RUST] set_timeout: requested=10s clamped=10s WOR=250000000
[ 1417.228904] [INFO] [RUST] stop: WCS cleared
[ 1417.229050] [INFO] [RUST] start: WCS_EN written
[ 1417.229053] [INFO] [RUST] stop: WCS cleared
[ 1417.229080] [INFO] [RUST] start: WCS_EN written
[ 1417.229098] [INFO] [RUST] stop: WCS cleared
[ 1417.229241] [INFO] [RUST] start: WCS_EN written
[ 1417.229245] [INFO] [RUST] set_timeout: requested=60s clamped=60s WOR=1500000000
[ 1417.229248] [INFO] [RUST] stop: WCS cleared
[ 1417.229252] [INFO] [RUST] start: WCS_EN written
[ 1417.229254] watchdog: watchdog0: watchdog did not stop!
[ 1418.729392] [INFO] [RUST] set_timeout: requested=10s clamped=10s WOR=250000000
[ 1418.729402] [INFO] [RUST] stop: WCS cleared
[ 1418.733983] [INFO] [RUST] sbsa_gwdt: module exit — unregistering platform driver
[ 1418.776383] [INFO] [RUST] sbsa_gwdt: module init — registering platform driver
[ 1418.776426] [INFO] [RUST] probe: entry
[ 1418.776437] [INFO] [RUST] probe: MMIO mapped, clk=50000000 Hz
[ 1418.776439] [INFO] [RUST] probe: version=0 mediatek_quirk=0
[ 1418.776441] [INFO] [RUST] set_timeout: requested=10s clamped=10s WOR=250000000
[ 1418.776752] sbsa-gwdt sbsa-gwdt.0: Initialized with 10s timeout @ 50000000 Hz, action=0.
[ 1418.808250] [INFO] [RUST] start: WCS_EN written
[ 1418.808258] [INFO] [RUST] stop: WCS cleared
[ 1419.038279] [INFO] [RUST] start: WCS_EN written
[ 1419.038290] [INFO] [RUST] stop: WCS cleared
[ 1419.038418] [INFO] [RUST] start: WCS_EN written
[ 1419.038425] [INFO] [RUST] stop: WCS cleared
[ 1419.038582] [INFO] [RUST] start: WCS_EN written
[ 1419.038587] [INFO] [RUST] stop: WCS cleared
[ 1419.038631] [INFO] [RUST] start: WCS_EN written
[ 1419.038654] [INFO] [RUST] set_timeout: requested=5s clamped=5s WOR=125000000
[ 1419.038674] [INFO] [RUST] set_timeout: requested=10s clamped=10s WOR=250000000
[ 1419.038694] [INFO] [RUST] set_timeout: requested=30s clamped=30s WOR=750000000
[ 1419.038714] [INFO] [RUST] set_timeout: requested=10s clamped=10s WOR=250000000
[ 1439.039146] [INFO] [RUST] stop: WCS cleared
[ 1439.039553] [INFO] [RUST] start: WCS_EN written
[ 1439.039561] [INFO] [RUST] stop: WCS cleared
[ 1439.041110] [INFO] [RUST] sbsa_gwdt: module exit — unregistering platform driver
[ 1439.063916] [INFO] [RUST] sbsa_gwdt: module init — registering platform driver
[ 1439.063958] [INFO] [RUST] probe: entry
[ 1439.063969] [INFO] [RUST] probe: MMIO mapped, clk=50000000 Hz
[ 1439.063971] [INFO] [RUST] probe: version=0 mediatek_quirk=0
[ 1439.063973] [INFO] [RUST] set_timeout: requested=10s clamped=10s WOR=250000000
[ 1439.064221] sbsa-gwdt sbsa-gwdt.0: Initialized with 10s timeout @ 50000000 Hz, action=0.
[ 1439.096220] [INFO] [RUST] start: WCS_EN written
[ 1439.096229] [INFO] [RUST] stop: WCS cleared
[ 1439.097632] [INFO] [RUST] sbsa_gwdt: module exit — unregistering platform driver
[ 1439.140539] [INFO] [RUST] sbsa_gwdt: module init — registering platform driver
[ 1439.140579] [INFO] [RUST] probe: entry
[ 1439.140590] [INFO] [RUST] probe: MMIO mapped, clk=50000000 Hz
[ 1439.140593] [INFO] [RUST] probe: version=0 mediatek_quirk=0
[ 1439.140595] [INFO] [RUST] set_timeout: requested=10s clamped=10s WOR=250000000
[ 1439.141114] sbsa-gwdt sbsa-gwdt.0: Initialized with 10s timeout @ 50000000 Hz, action=0.
[ 1439.164209] [INFO] [RUST] start: WCS_EN written
[ 1439.164217] [INFO] [RUST] stop: WCS cleared
[ 1439.165590] [INFO] [RUST] sbsa_gwdt: module exit — unregistering platform driver
[ 1439.192068] [INFO] [RUST] sbsa_gwdt: module init — registering platform driver
[ 1439.192109] [INFO] [RUST] probe: entry
[ 1439.192120] [INFO] [RUST] probe: MMIO mapped, clk=50000000 Hz
[ 1439.192122] [INFO] [RUST] probe: version=0 mediatek_quirk=0
[ 1439.192124] [INFO] [RUST] set_timeout: requested=10s clamped=10s WOR=250000000
[ 1439.192334] sbsa-gwdt sbsa-gwdt.0: Initialized with 10s timeout @ 50000000 Hz, action=0.
[ 1439.224194] [INFO] [RUST] start: WCS_EN written
[ 1439.224201] [INFO] [RUST] stop: WCS cleared
[ 1439.225584] [INFO] [RUST] sbsa_gwdt: module exit — unregistering platform driver
[ 1439.267273] [INFO] [RUST] sbsa_gwdt: module init — registering platform driver
[ 1439.267312] [INFO] [RUST] probe: entry
[ 1439.267321] [INFO] [RUST] probe: MMIO mapped, clk=50000000 Hz
[ 1439.267323] [INFO] [RUST] probe: version=0 mediatek_quirk=0
[ 1439.267324] [INFO] [RUST] set_timeout: requested=10s clamped=10s WOR=250000000
[ 1439.267849] sbsa-gwdt sbsa-gwdt.0: Initialized with 10s timeout @ 50000000 Hz, action=0.
[ 1439.296197] [INFO] [RUST] start: WCS_EN written
[ 1439.296205] [INFO] [RUST] stop: WCS cleared
[ 1439.297593] [INFO] [RUST] sbsa_gwdt: module exit — unregistering platform driver
[ 1439.331924] [INFO] [RUST] sbsa_gwdt: module init — registering platform driver
[ 1439.331963] [INFO] [RUST] probe: entry
[ 1439.331975] [INFO] [RUST] probe: MMIO mapped, clk=50000000 Hz
[ 1439.331977] [INFO] [RUST] probe: version=0 mediatek_quirk=0
[ 1439.331980] [INFO] [RUST] set_timeout: requested=10s clamped=10s WOR=250000000
[ 1439.332197] sbsa-gwdt sbsa-gwdt.0: Initialized with 10s timeout @ 50000000 Hz, action=0.
[ 1439.352186] [INFO] [RUST] start: WCS_EN written
[ 1439.352193] [INFO] [RUST] stop: WCS cleared
[ 1439.353555] [INFO] [RUST] sbsa_gwdt: module exit — unregistering platform driver
[ 1439.387843] [INFO] [RUST] sbsa_gwdt: module init — registering platform driver
[ 1439.387883] [INFO] [RUST] probe: entry
[ 1439.387895] [INFO] [RUST] probe: MMIO mapped, clk=50000000 Hz
[ 1439.387897] [INFO] [RUST] probe: version=0 mediatek_quirk=0
[ 1439.387899] [INFO] [RUST] set_timeout: requested=10s clamped=10s WOR=250000000
[ 1439.388128] sbsa-gwdt sbsa-gwdt.0: Initialized with 10s timeout @ 50000000 Hz, action=0.
[ 1439.408197] [INFO] [RUST] start: WCS_EN written
[ 1439.408205] [INFO] [RUST] stop: WCS cleared
[ 1439.409582] [INFO] [RUST] sbsa_gwdt: module exit — unregistering platform driver
[ 1439.443156] [INFO] [RUST] sbsa_gwdt: module init — registering platform driver
[ 1439.443193] [INFO] [RUST] probe: entry
[ 1439.443203] [INFO] [RUST] probe: MMIO mapped, clk=50000000 Hz
[ 1439.443205] [INFO] [RUST] probe: version=0 mediatek_quirk=0
[ 1439.443207] [INFO] [RUST] set_timeout: requested=10s clamped=10s WOR=250000000
[ 1439.443405] sbsa-gwdt sbsa-gwdt.0: Initialized with 10s timeout @ 50000000 Hz, action=0.
[ 1439.456160] [INFO] [RUST] start: WCS_EN written
[ 1439.456167] [INFO] [RUST] stop: WCS cleared
[ 1439.457260] [INFO] [RUST] sbsa_gwdt: module exit — unregistering platform driver
[ 1439.488225] [INFO] [RUST] sbsa_gwdt: module init — registering platform driver
[ 1439.488266] [INFO] [RUST] probe: entry
[ 1439.488276] [INFO] [RUST] probe: MMIO mapped, clk=50000000 Hz
[ 1439.488278] [INFO] [RUST] probe: version=0 mediatek_quirk=0
[ 1439.488280] [INFO] [RUST] set_timeout: requested=10s clamped=10s WOR=250000000
[ 1439.488641] sbsa-gwdt sbsa-gwdt.0: Initialized with 10s timeout @ 50000000 Hz, action=0.
[ 1439.520205] [INFO] [RUST] start: WCS_EN written
[ 1439.520213] [INFO] [RUST] stop: WCS cleared
[ 1439.521590] [INFO] [RUST] sbsa_gwdt: module exit — unregistering platform driver
[ 1439.559818] [INFO] [RUST] sbsa_gwdt: module init — registering platform driver
[ 1439.559859] [INFO] [RUST] probe: entry
[ 1439.559870] [INFO] [RUST] probe: MMIO mapped, clk=50000000 Hz
[ 1439.559872] [INFO] [RUST] probe: version=0 mediatek_quirk=0
[ 1439.559874] [INFO] [RUST] set_timeout: requested=10s clamped=10s WOR=250000000
[ 1439.560162] sbsa-gwdt sbsa-gwdt.0: Initialized with 10s timeout @ 50000000 Hz, action=0.
[ 1439.592197] [INFO] [RUST] start: WCS_EN written
[ 1439.592205] [INFO] [RUST] stop: WCS cleared
[ 1439.593574] [INFO] [RUST] sbsa_gwdt: module exit — unregistering platform driver
[ 1439.627903] [INFO] [RUST] sbsa_gwdt: module init — registering platform driver
[ 1439.627942] [INFO] [RUST] probe: entry
[ 1439.627953] [INFO] [RUST] probe: MMIO mapped, clk=50000000 Hz
[ 1439.627955] [INFO] [RUST] probe: version=0 mediatek_quirk=0
[ 1439.627957] [INFO] [RUST] set_timeout: requested=10s clamped=10s WOR=250000000
[ 1439.628167] sbsa-gwdt sbsa-gwdt.0: Initialized with 10s timeout @ 50000000 Hz, action=0.
[ 1439.656180] [INFO] [RUST] start: WCS_EN written
[ 1439.656187] [INFO] [RUST] stop: WCS cleared
[ 1564.015560] watchdog: watchdog1: watchdog did not stop!
[ 1565.540244] [INFO] [RUST] softdog initialized: soft_margin=60s soft_panic=0 nowayout=0
[ 1685.843297] [INFO] [RUST] softdog initialized: soft_margin=60s soft_panic=0 nowayout=0
[ 1685.884197] [INFO] [RUST] softdog initialized: soft_margin=60s soft_panic=0 nowayout=0
[ 1685.931836] [INFO] [RUST] softdog initialized: soft_margin=60s soft_panic=0 nowayout=0
[ 1685.995027] [INFO] [RUST] softdog initialized: soft_margin=60s soft_panic=0 nowayout=0
[ 1686.052818] [INFO] [RUST] softdog initialized: soft_margin=60s soft_panic=0 nowayout=0
[ 1686.128861] [INFO] [RUST] softdog initialized: soft_margin=60s soft_panic=0 nowayout=0
[ 1686.196048] [INFO] [RUST] softdog initialized: soft_margin=60s soft_panic=0 nowayout=0
[ 1686.247766] [INFO] [RUST] softdog initialized: soft_margin=60s soft_panic=0 nowayout=0
[ 1686.308356] [INFO] [RUST] softdog initialized: soft_margin=60s soft_panic=0 nowayout=0
[ 1686.347773] [INFO] [RUST] softdog initialized: soft_margin=60s soft_panic=0 nowayout=0
[ 1686.768955] [INFO] [RUST] sbsa_gwdt: module exit — unregistering platform driver
