[    0.000000] psci: Trusted OS migration not required
[    0.000000] Memory: 13367628K/16711680K available (17984K kernel code, 6370K rwdata, 16052K rodata, 6720K init, 2056K bss, 3212980K reserved, 131072K cma-reserved)
[    0.131391] Initialise system trusted keyrings
[    0.168145] ACPI GTDT: found 1 SBSA generic Watchdog(s).
[    0.186113] xhci-hcd-rust PHYT0039:00: xHCI Host Controller
[    0.186121] xhci-hcd-rust PHYT0039:00: new USB bus registered, assigned bus number 1
[    0.186151] xhci-hcd-rust PHYT0039:00: hcc params 0x08007f0d hci version 0x110 quirks 0x0010000000080090
[    0.186168] xhci-hcd-rust PHYT0039:00: irq 33, io mem 0x26f08000
[    0.186220] xhci-hcd-rust PHYT0039:00: xHCI Host Controller
[    0.186223] xhci-hcd-rust PHYT0039:00: new USB bus registered, assigned bus number 2
[    0.186226] xhci-hcd-rust PHYT0039:00: Host supports USB 3.1 Enhanced SuperSpeed
[    0.187016] xhci-hcd-rust PHYT0039:01: xHCI Host Controller
[    0.187021] xhci-hcd-rust PHYT0039:01: new USB bus registered, assigned bus number 3
[    0.187049] xhci-hcd-rust PHYT0039:01: hcc params 0x08007f0d hci version 0x110 quirks 0x0010000000080090
[    0.187061] xhci-hcd-rust PHYT0039:01: irq 34, io mem 0x26f28000
[    0.187114] xhci-hcd-rust PHYT0039:01: xHCI Host Controller
[    0.187116] xhci-hcd-rust PHYT0039:01: new USB bus registered, assigned bus number 4
[    0.187120] xhci-hcd-rust PHYT0039:01: Host supports USB 3.1 Enhanced SuperSpeed
[    0.187567] xhci-hcd-rust PHYT0039:02: xHCI Host Controller
[    0.187571] xhci-hcd-rust PHYT0039:02: new USB bus registered, assigned bus number 5
[    0.187595] xhci-hcd-rust PHYT0039:02: hcc params 0x08007f0d hci version 0x110 quirks 0x0010000000080090
[    0.187604] xhci-hcd-rust PHYT0039:02: irq 35, io mem 0x26f48000
[    0.187649] xhci-hcd-rust PHYT0039:02: xHCI Host Controller
[    0.187652] xhci-hcd-rust PHYT0039:02: new USB bus registered, assigned bus number 6
[    0.187655] xhci-hcd-rust PHYT0039:02: Host supports USB 3.0 SuperSpeed
[    0.188110] xhci-hcd-rust PHYT0039:03: xHCI Host Controller
[    0.188114] xhci-hcd-rust PHYT0039:03: new USB bus registered, assigned bus number 7
[    0.188139] xhci-hcd-rust PHYT0039:03: hcc params 0x08007f0d hci version 0x110 quirks 0x0010000000080090
[    0.188147] xhci-hcd-rust PHYT0039:03: irq 36, io mem 0x26f68000
[    0.188193] xhci-hcd-rust PHYT0039:03: xHCI Host Controller
[    0.188195] xhci-hcd-rust PHYT0039:03: new USB bus registered, assigned bus number 8
[    0.188198] xhci-hcd-rust PHYT0039:03: Host supports USB 3.0 SuperSpeed
[    0.188638] xhci-hcd-rust PHYT0039:04: xHCI Host Controller
[    0.188642] xhci-hcd-rust PHYT0039:04: new USB bus registered, assigned bus number 9
[    0.188662] xhci-hcd-rust PHYT0039:04: USB3 root hub has no ports
[    0.188664] xhci-hcd-rust PHYT0039:04: hcc params 0x08007f0d hci version 0x110 quirks 0x0010000000080090
[    0.188672] xhci-hcd-rust PHYT0039:04: irq 37, io mem 0x26f88000
[    0.188934] xhci-hcd-rust PHYT0039:05: xHCI Host Controller
[    0.188937] xhci-hcd-rust PHYT0039:05: new USB bus registered, assigned bus number 10
[    0.188956] xhci-hcd-rust PHYT0039:05: USB3 root hub has no ports
[    0.188958] xhci-hcd-rust PHYT0039:05: hcc params 0x08007f0d hci version 0x110 quirks 0x0010000000080090
[    0.188965] xhci-hcd-rust PHYT0039:05: irq 38, io mem 0x26fa8000
[    0.189228] xhci-hcd-rust PHYT0039:06: xHCI Host Controller
[    0.189232] xhci-hcd-rust PHYT0039:06: new USB bus registered, assigned bus number 11
[    0.189254] xhci-hcd-rust PHYT0039:06: hcc params 0x08007f0d hci version 0x110 quirks 0x0010000000080090
[    0.189261] xhci-hcd-rust PHYT0039:06: irq 39, io mem 0x26ee8000
[    0.189302] xhci-hcd-rust PHYT0039:06: xHCI Host Controller
[    0.189305] xhci-hcd-rust PHYT0039:06: new USB bus registered, assigned bus number 12
[    0.189307] xhci-hcd-rust PHYT0039:06: Host supports USB 3.0 SuperSpeed
[    0.199492] [INFO] [RUST] arm_smc_wdt: module init — registering platform driver
[    0.203566] watchdog: NMI not fully supported
[    0.203568] watchdog: Hard watchdog permanently disabled
[    0.442608] usb 10-1: new full-speed USB device number 2 using xhci-hcd-rust
[    0.442625] usb 9-1: new high-speed USB device number 2 using xhci-hcd-rust
[    6.298778] hid-generic 0018:347D:7853.0001: Rust input,hidraw0: I2C HID v1.00 Device [BLTP7853:00 347D:7853] on i2c-BLTP7853:00
[    6.327700] btusb(rust): rust_btusb_probe success
[    6.327752] btusb(rust): rust_btusb_open done
[    6.461549] hid-multitouch 0018:347D:7853.0001: Rust input,hidraw0: I2C HID v1.00 Device [BLTP7853:00 347D:7853] on i2c-BLTP7853:00
[    6.656984] btusb(rust): RTL: Setup complete
[    8.778003] btusb(rust): rust_btusb_flush done
[    8.778149] btusb(rust): rust_btusb_stop_traffic done
[    8.778159] btusb(rust): rust_btusb_close done
[   11.274554] btusb(rust): rust_btusb_stop_traffic done
[  487.765020] usb 2-1: new SuperSpeed Plus Gen 2x1 USB device number 2 using xhci-hcd-rust
[ 2392.014512] btusb(rust): rust_btusb_stop_traffic done
[ 2392.140644] xhci-hcd-rust PHYT0039:04: USB3 root hub has no ports
[ 2392.140689] xhci-hcd-rust PHYT0039:05: USB3 root hub has no ports
[ 2392.422041] usb 9-1: reset high-speed USB device number 2 using xhci-hcd-rust
[ 2392.434070] usb 10-1: reset full-speed USB device number 2 using xhci-hcd-rust
[ 2392.589019] btusb(rust): rust_btusb_probe success
[ 2392.589094] btusb(rust): rust_btusb_open done
[ 2392.934955] btusb(rust): RTL: Setup complete
[ 2395.049843] btusb(rust): rust_btusb_flush done
[ 2395.049963] btusb(rust): rust_btusb_stop_traffic done
[ 2395.049977] btusb(rust): rust_btusb_close done
[ 2397.546151] btusb(rust): rust_btusb_stop_traffic done
