Kylin V11
[    0.000000] psci: Trusted OS migration not required
[    0.000000] Memory: 13339152K/16711680K available (16768K kernel code, 6358K rwdata, 15492K rodata, 6528K init, 2054K bss, 3241456K reserved, 131072K cma-reserved)
[    0.125924] Initialise system trusted keyrings
[    0.138050] ACPI GTDT: found 1 SBSA generic Watchdog(s).
[    0.173874] watchdog: NMI not fully supported
[    0.173875] watchdog: Hard watchdog permanently disabled
[   89.747720] [INFO] [RUST] sbsa_gwdt: module init — registering platform driver
[   89.747762] [INFO] [RUST] probe: entry
[   89.747772] [INFO] [RUST] probe: MMIO mapped, clk=50000000 Hz
[   89.747774] [INFO] [RUST] probe: version=0 mediatek_quirk=0
[   89.747776] [INFO] [RUST] set_timeout: requested=10s clamped=10s WOR=250000000
[   89.748715] sbsa-gwdt sbsa-gwdt.0: Initialized with 10s timeout @ 50000000 Hz, action=0.
[  182.822309] [INFO] [RUST] start: WCS_EN written
[  182.822318] watchdog: watchdog0: watchdog did not stop!
[  182.822376] [INFO] [RUST] set_timeout: requested=5s clamped=5s WOR=125000000
[  182.822380] [INFO] [RUST] stop: WCS cleared
[  463.139912] [INFO] [RUST] sbsa_gwdt: module exit — unregistering platform driver
[  463.195478] [INFO] [RUST] sbsa_gwdt: module init — registering platform driver
[  463.195525] [INFO] [RUST] probe: entry
[  463.195538] [INFO] [RUST] probe: MMIO mapped, clk=50000000 Hz
[  463.195540] [INFO] [RUST] probe: version=0 mediatek_quirk=0
[  463.195542] [INFO] [RUST] set_timeout: requested=10s clamped=10s WOR=250000000
[  463.196651] sbsa-gwdt sbsa-gwdt.0: Initialized with 10s timeout @ 50000000 Hz, action=0.
[  700.869515] [INFO] [RUST] start: WCS_EN written
[  700.869522] watchdog: watchdog0: watchdog did not stop!
[  700.869759] [INFO] [RUST] stop: WCS cleared
[  700.869919] [INFO] [RUST] start: WCS_EN written
[  700.869926] [INFO] [RUST] stop: WCS cleared
[  700.870223] [INFO] [RUST] start: WCS_EN written
[  700.870228] [INFO] [RUST] stop: WCS cleared
[  700.870349] [INFO] [RUST] start: WCS_EN written
[  700.870354] [INFO] [RUST] stop: WCS cleared
[  702.870879] [INFO] [RUST] start: WCS_EN written
[  702.870890] [INFO] [RUST] set_timeout: requested=30s clamped=30s WOR=750000000
[  702.870910] [INFO] [RUST] set_timeout: requested=10s clamped=10s WOR=250000000
[  702.870913] [INFO] [RUST] stop: WCS cleared
[  702.871042] [INFO] [RUST] start: WCS_EN written
[  702.871050] [INFO] [RUST] stop: WCS cleared
[  702.871189] [INFO] [RUST] start: WCS_EN written
[  702.871194] [INFO] [RUST] stop: WCS cleared
[  703.031338] [INFO] [RUST] start: WCS_EN written
[  703.031347] watchdog: watchdog0: watchdog did not stop!
[  703.031420] [INFO] [RUST] stop: WCS cleared
[  703.031575] [INFO] [RUST] start: WCS_EN written
[  703.031583] [INFO] [RUST] stop: WCS cleared
[  703.031708] [INFO] [RUST] start: WCS_EN written
[  703.031731] [INFO] [RUST] set_timeout: requested=3600s clamped=170s WOR=4250000000
[  703.031751] [INFO] [RUST] set_timeout: requested=10s clamped=10s WOR=250000000
[  703.031754] [INFO] [RUST] stop: WCS cleared
[  703.031879] [INFO] [RUST] start: WCS_EN written
[  703.031887] [INFO] [RUST] stop: WCS cleared
[  703.032046] [INFO] [RUST] start: WCS_EN written
[  704.532226] [INFO] [RUST] stop: WCS cleared
[  704.703424] [INFO] [RUST] start: WCS_EN written
[  704.703435] [INFO] [RUST] stop: WCS cleared
[  704.703581] [INFO] [RUST] start: WCS_EN written
[  704.703586] [INFO] [RUST] stop: WCS cleared
[  704.871300] [INFO] [RUST] start: WCS_EN written
[  724.871875] [INFO] [RUST] stop: WCS cleared
[  724.872273] [INFO] [RUST] start: WCS_EN written
[  724.872282] [INFO] [RUST] stop: WCS cleared
[  724.872474] [INFO] [RUST] start: WCS_EN written
[  724.872500] [INFO] [RUST] set_timeout: requested=1s clamped=1s WOR=25000000
[  724.872519] [INFO] [RUST] set_timeout: requested=5s clamped=5s WOR=125000000
[  724.872537] [INFO] [RUST] set_timeout: requested=10s clamped=10s WOR=250000000
[  724.872555] [INFO] [RUST] set_timeout: requested=30s clamped=30s WOR=750000000
[  724.872572] [INFO] [RUST] set_timeout: requested=60s clamped=60s WOR=1500000000
[  724.872590] [INFO] [RUST] set_timeout: requested=80s clamped=80s WOR=2000000000
[  724.872608] [INFO] [RUST] set_timeout: requested=10s clamped=10s WOR=250000000
[  724.872611] [INFO] [RUST] stop: WCS cleared
[  724.872757] [INFO] [RUST] start: WCS_EN written
[  724.872761] [INFO] [RUST] stop: WCS cleared
[  724.872780] [INFO] [RUST] start: WCS_EN written
[  724.872819] [INFO] [RUST] stop: WCS cleared
[  724.872990] [INFO] [RUST] start: WCS_EN written
[  724.872994] [INFO] [RUST] set_timeout: requested=60s clamped=60s WOR=1500000000
[  724.872998] [INFO] [RUST] stop: WCS cleared
[  724.873003] [INFO] [RUST] start: WCS_EN written
[  724.873006] watchdog: watchdog0: watchdog did not stop!
[  726.373109] [INFO] [RUST] set_timeout: requested=10s clamped=10s WOR=250000000
[  726.373119] [INFO] [RUST] stop: WCS cleared
[  726.377457] [INFO] [RUST] sbsa_gwdt: module exit — unregistering platform driver
[  726.917453] [INFO] [RUST] sbsa_gwdt: module init — registering platform driver
[  726.917494] [INFO] [RUST] probe: entry
[  726.917505] [INFO] [RUST] probe: MMIO mapped, clk=50000000 Hz
[  726.917506] [INFO] [RUST] probe: version=0 mediatek_quirk=0
[  726.917508] [INFO] [RUST] set_timeout: requested=10s clamped=10s WOR=250000000
[  726.918862] sbsa-gwdt sbsa-gwdt.0: Initialized with 10s timeout @ 50000000 Hz, action=0.
[ 1002.727930] [INFO] [RUST] start: WCS_EN written
[ 1002.727939] watchdog: watchdog0: watchdog did not stop!
[ 1002.728177] [INFO] [RUST] stop: WCS cleared
[ 1002.728302] [INFO] [RUST] start: WCS_EN written
[ 1002.728307] [INFO] [RUST] stop: WCS cleared
[ 1002.728560] [INFO] [RUST] start: WCS_EN written
[ 1002.728565] [INFO] [RUST] stop: WCS cleared
[ 1002.728693] [INFO] [RUST] start: WCS_EN written
[ 1002.728697] [INFO] [RUST] stop: WCS cleared
[ 1004.729141] [INFO] [RUST] start: WCS_EN written
[ 1004.729151] [INFO] [RUST] set_timeout: requested=30s clamped=30s WOR=750000000
[ 1004.729171] [INFO] [RUST] set_timeout: requested=10s clamped=10s WOR=250000000
[ 1004.729175] [INFO] [RUST] stop: WCS cleared
[ 1004.729306] [INFO] [RUST] start: WCS_EN written
[ 1004.729313] [INFO] [RUST] stop: WCS cleared
[ 1004.729463] [INFO] [RUST] start: WCS_EN written
[ 1004.729468] [INFO] [RUST] stop: WCS cleared
[ 1004.936943] [INFO] [RUST] start: WCS_EN written
[ 1004.936953] watchdog: watchdog0: watchdog did not stop!
[ 1004.937025] [INFO] [RUST] stop: WCS cleared
[ 1004.937180] [INFO] [RUST] start: WCS_EN written
[ 1004.937188] [INFO] [RUST] stop: WCS cleared
[ 1004.937314] [INFO] [RUST] start: WCS_EN written
[ 1004.937337] [INFO] [RUST] set_timeout: requested=3600s clamped=170s WOR=4250000000
[ 1004.937356] [INFO] [RUST] set_timeout: requested=10s clamped=10s WOR=250000000
[ 1004.937359] [INFO] [RUST] stop: WCS cleared
[ 1004.937482] [INFO] [RUST] start: WCS_EN written
[ 1004.937490] [INFO] [RUST] stop: WCS cleared
[ 1004.937667] [INFO] [RUST] start: WCS_EN written
[ 1006.437846] [INFO] [RUST] stop: WCS cleared
[ 1006.648610] [INFO] [RUST] start: WCS_EN written
[ 1006.648621] [INFO] [RUST] stop: WCS cleared
[ 1006.648769] [INFO] [RUST] start: WCS_EN written
[ 1006.648774] [INFO] [RUST] stop: WCS cleared
[ 1006.829327] [INFO] [RUST] start: WCS_EN written
[ 1026.830034] [INFO] [RUST] stop: WCS cleared
[ 1026.830435] [INFO] [RUST] start: WCS_EN written
[ 1026.830444] [INFO] [RUST] stop: WCS cleared
[ 1026.830634] [INFO] [RUST] start: WCS_EN written
[ 1026.830659] [INFO] [RUST] set_timeout: requested=1s clamped=1s WOR=25000000
[ 1026.830678] [INFO] [RUST] set_timeout: requested=5s clamped=5s WOR=125000000
[ 1026.830696] [INFO] [RUST] set_timeout: requested=10s clamped=10s WOR=250000000
[ 1026.830714] [INFO] [RUST] set_timeout: requested=30s clamped=30s WOR=750000000
[ 1026.830732] [INFO] [RUST] set_timeout: requested=60s clamped=60s WOR=1500000000
[ 1026.830750] [INFO] [RUST] set_timeout: requested=80s clamped=80s WOR=2000000000
[ 1026.830767] [INFO] [RUST] set_timeout: requested=10s clamped=10s WOR=250000000
[ 1026.830770] [INFO] [RUST] stop: WCS cleared
[ 1026.830926] [INFO] [RUST] start: WCS_EN written
[ 1026.830930] [INFO] [RUST] stop: WCS cleared
[ 1026.830949] [INFO] [RUST] start: WCS_EN written
[ 1026.830967] [INFO] [RUST] stop: WCS cleared
[ 1026.831158] [INFO] [RUST] start: WCS_EN written
[ 1026.831171] [INFO] [RUST] set_timeout: requested=60s clamped=60s WOR=1500000000
[ 1026.831174] [INFO] [RUST] stop: WCS cleared
[ 1026.831179] [INFO] [RUST] start: WCS_EN written
[ 1026.831182] watchdog: watchdog0: watchdog did not stop!
[ 1028.331283] [INFO] [RUST] set_timeout: requested=10s clamped=10s WOR=250000000
[ 1028.331293] [INFO] [RUST] stop: WCS cleared
[ 1028.335897] [INFO] [RUST] sbsa_gwdt: module exit — unregistering platform driver
[ 1028.863209] [INFO] [RUST] sbsa_gwdt: module init — registering platform driver
[ 1028.863253] [INFO] [RUST] probe: entry
[ 1028.863267] [INFO] [RUST] probe: MMIO mapped, clk=50000000 Hz
[ 1028.863269] [INFO] [RUST] probe: version=0 mediatek_quirk=0
[ 1028.863271] [INFO] [RUST] set_timeout: requested=10s clamped=10s WOR=250000000
[ 1028.864157] sbsa-gwdt sbsa-gwdt.0: Initialized with 10s timeout @ 50000000 Hz, action=0.
