Kylin V11
[    0.000000] psci: Trusted OS migration not required
[    0.000000] Memory: 13339152K/16711680K available (16768K kernel code, 6358K rwdata, 15492K rodata, 6528K init, 2054K bss, 3241456K reserved, 131072K cma-reserved)
[    0.125924] Initialise system trusted keyrings
[    0.138050] ACPI GTDT: found 1 SBSA generic Watchdog(s).
[    0.173874] watchdog: NMI not fully supported
[    0.173875] watchdog: Hard watchdog permanently disabled
[   89.747720] [INFO] [RUST] sbsa_gwdt: module init — registering platform driver
[   89.747762] [INFO] [RUST] probe: entry
[   89.747772] [INFO] [RUST] probe: MMIO mapped, clk=50000000 Hz
[   89.747774] [INFO] [RUST] probe: version=0 mediatek_quirk=0
[   89.747776] [INFO] [RUST] set_timeout: requested=10s clamped=10s WOR=250000000
[   89.748715] sbsa-gwdt sbsa-gwdt.0: Initialized with 10s timeout @ 50000000 Hz, action=0.
[  182.822309] [INFO] [RUST] start: WCS_EN written
[  182.822318] watchdog: watchdog0: watchdog did not stop!
[  182.822376] [INFO] [RUST] set_timeout: requested=5s clamped=5s WOR=125000000
[  182.822380] [INFO] [RUST] stop: WCS cleared
[  463.139912] [INFO] [RUST] sbsa_gwdt: module exit — unregistering platform driver
[  463.195478] [INFO] [RUST] sbsa_gwdt: module init — registering platform driver
[  463.195525] [INFO] [RUST] probe: entry
[  463.195538] [INFO] [RUST] probe: MMIO mapped, clk=50000000 Hz
[  463.195540] [INFO] [RUST] probe: version=0 mediatek_quirk=0
[  463.195542] [INFO] [RUST] set_timeout: requested=10s clamped=10s WOR=250000000
[  463.196651] sbsa-gwdt sbsa-gwdt.0: Initialized with 10s timeout @ 50000000 Hz, action=0.
[  700.869515] [INFO] [RUST] start: WCS_EN written
[  700.869522] watchdog: watchdog0: watchdog did not stop!
[  700.869759] [INFO] [RUST] stop: WCS cleared
[  700.869919] [INFO] [RUST] start: WCS_EN written
[  700.869926] [INFO] [RUST] stop: WCS cleared
[  700.870223] [INFO] [RUST] start: WCS_EN written
[  700.870228] [INFO] [RUST] stop: WCS cleared
[  700.870349] [INFO] [RUST] start: WCS_EN written
[  700.870354] [INFO] [RUST] stop: WCS cleared
[  702.870879] [INFO] [RUST] start: WCS_EN written
[  702.870890] [INFO] [RUST] set_timeout: requested=30s clamped=30s WOR=750000000
[  702.870910] [INFO] [RUST] set_timeout: requested=10s clamped=10s WOR=250000000
[  702.870913] [INFO] [RUST] stop: WCS cleared
[  702.871042] [INFO] [RUST] start: WCS_EN written
[  702.871050] [INFO] [RUST] stop: WCS cleared
[  702.871189] [INFO] [RUST] start: WCS_EN written
[  702.871194] [INFO] [RUST] stop: WCS cleared
[  703.031338] [INFO] [RUST] start: WCS_EN written
[  703.031347] watchdog: watchdog0: watchdog did not stop!
[  703.031420] [INFO] [RUST] stop: WCS cleared
[  703.031575] [INFO] [RUST] start: WCS_EN written
[  703.031583] [INFO] [RUST] stop: WCS cleared
[  703.031708] [INFO] [RUST] start: WCS_EN written
[  703.031731] [INFO] [RUST] set_timeout: requested=3600s clamped=170s WOR=4250000000
[  703.031751] [INFO] [RUST] set_timeout: requested=10s clamped=10s WOR=250000000
[  703.031754] [INFO] [RUST] stop: WCS cleared
[  703.031879] [INFO] [RUST] start: WCS_EN written
[  703.031887] [INFO] [RUST] stop: WCS cleared
[  703.032046] [INFO] [RUST] start: WCS_EN written
[  704.532226] [INFO] [RUST] stop: WCS cleared
[  704.703424] [INFO] [RUST] start: WCS_EN written
[  704.703435] [INFO] [RUST] stop: WCS cleared
[  704.703581] [INFO] [RUST] start: WCS_EN written
[  704.703586] [INFO] [RUST] stop: WCS cleared
[  704.871300] [INFO] [RUST] start: WCS_EN written
[  724.871875] [INFO] [RUST] stop: WCS cleared
[  724.872273] [INFO] [RUST] start: WCS_EN written
[  724.872282] [INFO] [RUST] stop: WCS cleared
[  724.872474] [INFO] [RUST] start: WCS_EN written
[  724.872500] [INFO] [RUST] set_timeout: requested=1s clamped=1s WOR=25000000
[  724.872519] [INFO] [RUST] set_timeout: requested=5s clamped=5s WOR=125000000
[  724.872537] [INFO] [RUST] set_timeout: requested=10s clamped=10s WOR=250000000
[  724.872555] [INFO] [RUST] set_timeout: requested=30s clamped=30s WOR=750000000
[  724.872572] [INFO] [RUST] set_timeout: requested=60s clamped=60s WOR=1500000000
[  724.872590] [INFO] [RUST] set_timeout: requested=80s clamped=80s WOR=2000000000
[  724.872608] [INFO] [RUST] set_timeout: requested=10s clamped=10s WOR=250000000
[  724.872611] [INFO] [RUST] stop: WCS cleared
[  724.872757] [INFO] [RUST] start: WCS_EN written
[  724.872761] [INFO] [RUST] stop: WCS cleared
[  724.872780] [INFO] [RUST] start: WCS_EN written
[  724.872819] [INFO] [RUST] stop: WCS cleared
[  724.872990] [INFO] [RUST] start: WCS_EN written
[  724.872994] [INFO] [RUST] set_timeout: requested=60s clamped=60s WOR=1500000000
[  724.872998] [INFO] [RUST] stop: WCS cleared
[  724.873003] [INFO] [RUST] start: WCS_EN written
[  724.873006] watchdog: watchdog0: watchdog did not stop!
[  726.373109] [INFO] [RUST] set_timeout: requested=10s clamped=10s WOR=250000000
[  726.373119] [INFO] [RUST] stop: WCS cleared
[  726.377457] [INFO] [RUST] sbsa_gwdt: module exit — unregistering platform driver
[  726.917453] [INFO] [RUST] sbsa_gwdt: module init — registering platform driver
[  726.917494] [INFO] [RUST] probe: entry
[  726.917505] [INFO] [RUST] probe: MMIO mapped, clk=50000000 Hz
[  726.917506] [INFO] [RUST] probe: version=0 mediatek_quirk=0
[  726.917508] [INFO] [RUST] set_timeout: requested=10s clamped=10s WOR=250000000
[  726.918862] sbsa-gwdt sbsa-gwdt.0: Initialized with 10s timeout @ 50000000 Hz, action=0.
