[    0.000000] psci: Trusted OS migration not required
[    0.000000] Memory: 13367628K/16711680K available (17984K kernel code, 6370K rwdata, 16052K rodata, 6720K init, 2056K bss, 3212980K reserved, 131072K cma-reserved)
[    0.126368] Initialise system trusted keyrings
[    0.155646] ACPI GTDT: found 1 SBSA generic Watchdog(s).
[    0.176550] xhci-hcd-rust PHYT0039:00: xHCI Host Controller
[    0.176556] xhci-hcd-rust PHYT0039:00: new USB bus registered, assigned bus number 1
[    0.176585] xhci-hcd-rust PHYT0039:00: hcc params 0x08007f0d hci version 0x110 quirks 0x0010000000080090
[    0.176598] xhci-hcd-rust PHYT0039:00: irq 33, io mem 0x26f08000
[    0.176652] xhci-hcd-rust PHYT0039:00: xHCI Host Controller
[    0.176655] xhci-hcd-rust PHYT0039:00: new USB bus registered, assigned bus number 2
[    0.176658] xhci-hcd-rust PHYT0039:00: Host supports USB 3.1 Enhanced SuperSpeed
[    0.177191] xhci-hcd-rust PHYT0039:01: xHCI Host Controller
[    0.177195] xhci-hcd-rust PHYT0039:01: new USB bus registered, assigned bus number 3
[    0.177218] xhci-hcd-rust PHYT0039:01: hcc params 0x08007f0d hci version 0x110 quirks 0x0010000000080090
[    0.177226] xhci-hcd-rust PHYT0039:01: irq 34, io mem 0x26f28000
[    0.177273] xhci-hcd-rust PHYT0039:01: xHCI Host Controller
[    0.177276] xhci-hcd-rust PHYT0039:01: new USB bus registered, assigned bus number 4
[    0.177279] xhci-hcd-rust PHYT0039:01: Host supports USB 3.1 Enhanced SuperSpeed
[    0.177732] xhci-hcd-rust PHYT0039:02: xHCI Host Controller
[    0.177735] xhci-hcd-rust PHYT0039:02: new USB bus registered, assigned bus number 5
[    0.177759] xhci-hcd-rust PHYT0039:02: hcc params 0x08007f0d hci version 0x110 quirks 0x0010000000080090
[    0.177767] xhci-hcd-rust PHYT0039:02: irq 35, io mem 0x26f48000
[    0.177813] xhci-hcd-rust PHYT0039:02: xHCI Host Controller
[    0.177816] xhci-hcd-rust PHYT0039:02: new USB bus registered, assigned bus number 6
[    0.177818] xhci-hcd-rust PHYT0039:02: Host supports USB 3.0 SuperSpeed
[    0.178274] xhci-hcd-rust PHYT0039:03: xHCI Host Controller
[    0.178278] xhci-hcd-rust PHYT0039:03: new USB bus registered, assigned bus number 7
[    0.178302] xhci-hcd-rust PHYT0039:03: hcc params 0x08007f0d hci version 0x110 quirks 0x0010000000080090
[    0.178310] xhci-hcd-rust PHYT0039:03: irq 36, io mem 0x26f68000
[    0.178354] xhci-hcd-rust PHYT0039:03: xHCI Host Controller
[    0.178357] xhci-hcd-rust PHYT0039:03: new USB bus registered, assigned bus number 8
[    0.178359] xhci-hcd-rust PHYT0039:03: Host supports USB 3.0 SuperSpeed
[    0.178802] xhci-hcd-rust PHYT0039:04: xHCI Host Controller
[    0.178805] xhci-hcd-rust PHYT0039:04: new USB bus registered, assigned bus number 9
[    0.178826] xhci-hcd-rust PHYT0039:04: USB3 root hub has no ports
[    0.178828] xhci-hcd-rust PHYT0039:04: hcc params 0x08007f0d hci version 0x110 quirks 0x0010000000080090
[    0.178836] xhci-hcd-rust PHYT0039:04: irq 37, io mem 0x26f88000
[    0.179100] xhci-hcd-rust PHYT0039:05: xHCI Host Controller
[    0.179103] xhci-hcd-rust PHYT0039:05: new USB bus registered, assigned bus number 10
[    0.179122] xhci-hcd-rust PHYT0039:05: USB3 root hub has no ports
[    0.179124] xhci-hcd-rust PHYT0039:05: hcc params 0x08007f0d hci version 0x110 quirks 0x0010000000080090
[    0.179132] xhci-hcd-rust PHYT0039:05: irq 38, io mem 0x26fa8000
[    0.179394] xhci-hcd-rust PHYT0039:06: xHCI Host Controller
[    0.179397] xhci-hcd-rust PHYT0039:06: new USB bus registered, assigned bus number 11
[    0.179418] xhci-hcd-rust PHYT0039:06: hcc params 0x08007f0d hci version 0x110 quirks 0x0010000000080090
[    0.179426] xhci-hcd-rust PHYT0039:06: irq 39, io mem 0x26ee8000
[    0.179467] xhci-hcd-rust PHYT0039:06: xHCI Host Controller
[    0.179469] xhci-hcd-rust PHYT0039:06: new USB bus registered, assigned bus number 12
[    0.179472] xhci-hcd-rust PHYT0039:06: Host supports USB 3.0 SuperSpeed
[    0.189818] [INFO] [RUST] arm_smc_wdt: module init — registering platform driver
[    0.194706] watchdog: NMI not fully supported
[    0.194708] watchdog: Hard watchdog permanently disabled
[    0.433890] usb 10-1: new full-speed USB device number 2 using xhci-hcd-rust
[    0.433908] usb 9-1: new high-speed USB device number 2 using xhci-hcd-rust
[    6.293601] hid-generic 0018:347D:7853.0001: Rust input,hidraw0: I2C HID v1.00 Device [BLTP7853:00 347D:7853] on i2c-BLTP7853:00
[    6.317374] btusb(rust): rust_btusb_probe success
[    6.317450] btusb(rust): rust_btusb_open done
[    6.636202] btusb(rust): RTL: Setup complete
[    6.704912] hid-multitouch 0018:347D:7853.0001: Rust input,hidraw0: I2C HID v1.00 Device [BLTP7853:00 347D:7853] on i2c-BLTP7853:00
[    8.745337] btusb(rust): rust_btusb_flush done
[    8.745524] btusb(rust): rust_btusb_stop_traffic done
[    8.745536] btusb(rust): rust_btusb_close done
[   11.241927] btusb(rust): rust_btusb_stop_traffic done
[  152.901140] [INFO] [RUST] sbsa_gwdt: module init — registering platform driver
[  152.901184] [INFO] [RUST] probe: entry
[  152.901194] [INFO] [RUST] probe: MMIO mapped, clk=50000000 Hz
[  152.901196] [INFO] [RUST] probe: version=0 mediatek_quirk=0
[  152.901198] [INFO] [RUST] set_timeout: requested=10s clamped=10s WOR=250000000
[  152.905203] sbsa-gwdt sbsa-gwdt.0: Initialized with 10s timeout @ 50000000 Hz, action=0.
[  153.156347] [INFO] [RUST] softdog initialized: soft_margin=60s soft_panic=0 nowayout=0
[  156.468884] [INFO] [RUST] start: WCS_EN written
[  156.468896] [INFO] [RUST] stop: WCS cleared
[  156.469204] [INFO] [RUST] start: WCS_EN written
[  156.469212] [INFO] [RUST] stop: WCS cleared
[  156.469370] [INFO] [RUST] start: WCS_EN written
[  156.469378] [INFO] [RUST] stop: WCS cleared
[  156.469628] [INFO] [RUST] start: WCS_EN written
[  156.469634] [INFO] [RUST] stop: WCS cleared
[  156.469740] [INFO] [RUST] start: WCS_EN written
[  156.469745] [INFO] [RUST] stop: WCS cleared
[  158.470845] [INFO] [RUST] start: WCS_EN written
[  158.470854] [INFO] [RUST] set_timeout: requested=30s clamped=30s WOR=750000000
[  158.470868] [INFO] [RUST] set_timeout: requested=10s clamped=10s WOR=250000000
[  158.470872] [INFO] [RUST] stop: WCS cleared
[  158.470974] [INFO] [RUST] start: WCS_EN written
[  158.470980] [INFO] [RUST] stop: WCS cleared
[  158.471079] [INFO] [RUST] start: WCS_EN written
[  158.471084] [INFO] [RUST] stop: WCS cleared
[  158.684246] [INFO] [RUST] start: WCS_EN written
[  158.684257] [INFO] [RUST] stop: WCS cleared
[  158.684308] [INFO] [RUST] start: WCS_EN written
[  158.684331] [INFO] [RUST] stop: WCS cleared
[  158.684582] [INFO] [RUST] start: WCS_EN written
[  158.684593] [INFO] [RUST] stop: WCS cleared
[  158.684757] [INFO] [RUST] start: WCS_EN written
[  158.684782] [INFO] [RUST] set_timeout: requested=3600s clamped=170s WOR=4250000000
[  158.684802] [INFO] [RUST] set_timeout: requested=10s clamped=10s WOR=250000000
[  158.684806] [INFO] [RUST] stop: WCS cleared
[  158.684953] [INFO] [RUST] start: WCS_EN written
[  158.684963] [INFO] [RUST] stop: WCS cleared
[  158.685087] [INFO] [RUST] start: WCS_EN written
[  160.185688] [INFO] [RUST] stop: WCS cleared
[  160.572529] [INFO] [RUST] start: WCS_EN written
[  160.572541] [INFO] [RUST] stop: WCS cleared
[  160.572666] [INFO] [RUST] start: WCS_EN written
[  160.572671] [INFO] [RUST] stop: WCS cleared
[  160.577997] [INFO] [RUST] start: WCS_EN written
[  180.581729] [INFO] [RUST] stop: WCS cleared
[  180.582064] [INFO] [RUST] start: WCS_EN written
[  180.582073] [INFO] [RUST] stop: WCS cleared
[  180.582199] [INFO] [RUST] start: WCS_EN written
[  180.582222] [INFO] [RUST] set_timeout: requested=1s clamped=1s WOR=25000000
[  180.582241] [INFO] [RUST] set_timeout: requested=5s clamped=5s WOR=125000000
[  180.582258] [INFO] [RUST] set_timeout: requested=10s clamped=10s WOR=250000000
[  180.582276] [INFO] [RUST] set_timeout: requested=30s clamped=30s WOR=750000000
[  180.582294] [INFO] [RUST] set_timeout: requested=60s clamped=60s WOR=1500000000
[  180.582311] [INFO] [RUST] set_timeout: requested=80s clamped=80s WOR=2000000000
[  180.582329] [INFO] [RUST] set_timeout: requested=10s clamped=10s WOR=250000000
[  180.582332] [INFO] [RUST] stop: WCS cleared
[  180.582466] [INFO] [RUST] start: WCS_EN written
[  180.582469] [INFO] [RUST] stop: WCS cleared
[  180.582495] [INFO] [RUST] start: WCS_EN written
[  180.582514] [INFO] [RUST] stop: WCS cleared
[  180.582666] [INFO] [RUST] start: WCS_EN written
[  180.582670] [INFO] [RUST] set_timeout: requested=60s clamped=60s WOR=1500000000
[  180.582673] [INFO] [RUST] stop: WCS cleared
[  180.582678] [INFO] [RUST] start: WCS_EN written
[  180.582680] watchdog: watchdog0: watchdog did not stop!
[  182.082990] [INFO] [RUST] set_timeout: requested=10s clamped=10s WOR=250000000
[  182.083005] [INFO] [RUST] stop: WCS cleared
[  182.087341] [INFO] [RUST] sbsa_gwdt: module exit — unregistering platform driver
[  182.114027] [INFO] [RUST] sbsa_gwdt: module init — registering platform driver
[  182.114068] [INFO] [RUST] probe: entry
[  182.114079] [INFO] [RUST] probe: MMIO mapped, clk=50000000 Hz
[  182.114080] [INFO] [RUST] probe: version=0 mediatek_quirk=0
[  182.114082] [INFO] [RUST] set_timeout: requested=10s clamped=10s WOR=250000000
[  182.114628] sbsa-gwdt sbsa-gwdt.0: Initialized with 10s timeout @ 50000000 Hz, action=0.
[  182.131071] [INFO] [RUST] start: WCS_EN written
[  182.131081] [INFO] [RUST] stop: WCS cleared
[  182.354498] [INFO] [RUST] start: WCS_EN written
[  182.354510] [INFO] [RUST] stop: WCS cleared
[  182.354639] [INFO] [RUST] start: WCS_EN written
[  182.354646] [INFO] [RUST] stop: WCS cleared
[  182.354880] [INFO] [RUST] start: WCS_EN written
[  182.354888] [INFO] [RUST] stop: WCS cleared
[  182.354936] [INFO] [RUST] start: WCS_EN written
[  182.354958] [INFO] [RUST] set_timeout: requested=5s clamped=5s WOR=125000000
[  182.354979] [INFO] [RUST] set_timeout: requested=10s clamped=10s WOR=250000000
[  182.354998] [INFO] [RUST] set_timeout: requested=30s clamped=30s WOR=750000000
[  182.355016] [INFO] [RUST] set_timeout: requested=10s clamped=10s WOR=250000000
[  202.355812] [INFO] [RUST] stop: WCS cleared
[  202.356277] [INFO] [RUST] start: WCS_EN written
[  202.356283] [INFO] [RUST] stop: WCS cleared
[  202.357797] [INFO] [RUST] sbsa_gwdt: module exit — unregistering platform driver
[  202.399818] [INFO] [RUST] sbsa_gwdt: module init — registering platform driver
[  202.399864] [INFO] [RUST] probe: entry
[  202.399877] [INFO] [RUST] probe: MMIO mapped, clk=50000000 Hz
[  202.399880] [INFO] [RUST] probe: version=0 mediatek_quirk=0
[  202.399882] [INFO] [RUST] set_timeout: requested=10s clamped=10s WOR=250000000
[  202.400514] sbsa-gwdt sbsa-gwdt.0: Initialized with 10s timeout @ 50000000 Hz, action=0.
[  202.419543] [INFO] [RUST] start: WCS_EN written
[  202.419550] [INFO] [RUST] stop: WCS cleared
[  202.420974] [INFO] [RUST] sbsa_gwdt: module exit — unregistering platform driver
[  202.454990] [INFO] [RUST] sbsa_gwdt: module init — registering platform driver
[  202.455032] [INFO] [RUST] probe: entry
[  202.455045] [INFO] [RUST] probe: MMIO mapped, clk=50000000 Hz
[  202.455047] [INFO] [RUST] probe: version=0 mediatek_quirk=0
[  202.455049] [INFO] [RUST] set_timeout: requested=10s clamped=10s WOR=250000000
[  202.455432] sbsa-gwdt sbsa-gwdt.0: Initialized with 10s timeout @ 50000000 Hz, action=0.
[  202.491501] [INFO] [RUST] start: WCS_EN written
[  202.491510] [INFO] [RUST] stop: WCS cleared
[  202.492916] [INFO] [RUST] sbsa_gwdt: module exit — unregistering platform driver
[  202.543066] [INFO] [RUST] sbsa_gwdt: module init — registering platform driver
[  202.543106] [INFO] [RUST] probe: entry
[  202.543118] [INFO] [RUST] probe: MMIO mapped, clk=50000000 Hz
[  202.543119] [INFO] [RUST] probe: version=0 mediatek_quirk=0
[  202.543121] [INFO] [RUST] set_timeout: requested=10s clamped=10s WOR=250000000
[  202.543440] sbsa-gwdt sbsa-gwdt.0: Initialized with 10s timeout @ 50000000 Hz, action=0.
[  202.571460] [INFO] [RUST] start: WCS_EN written
[  202.571468] [INFO] [RUST] stop: WCS cleared
[  202.572904] [INFO] [RUST] sbsa_gwdt: module exit — unregistering platform driver
[  202.594787] [INFO] [RUST] sbsa_gwdt: module init — registering platform driver
[  202.594829] [INFO] [RUST] probe: entry
[  202.594841] [INFO] [RUST] probe: MMIO mapped, clk=50000000 Hz
[  202.594843] [INFO] [RUST] probe: version=0 mediatek_quirk=0
[  202.594846] [INFO] [RUST] set_timeout: requested=10s clamped=10s WOR=250000000
[  202.595206] sbsa-gwdt sbsa-gwdt.0: Initialized with 10s timeout @ 50000000 Hz, action=0.
[  202.639399] [INFO] [RUST] start: WCS_EN written
[  202.639407] [INFO] [RUST] stop: WCS cleared
[  202.640564] [INFO] [RUST] sbsa_gwdt: module exit — unregistering platform driver
[  202.671208] [INFO] [RUST] sbsa_gwdt: module init — registering platform driver
[  202.671251] [INFO] [RUST] probe: entry
[  202.671264] [INFO] [RUST] probe: MMIO mapped, clk=50000000 Hz
[  202.671266] [INFO] [RUST] probe: version=0 mediatek_quirk=0
[  202.671268] [INFO] [RUST] set_timeout: requested=10s clamped=10s WOR=250000000
[  202.671651] sbsa-gwdt sbsa-gwdt.0: Initialized with 10s timeout @ 50000000 Hz, action=0.
[  202.695465] [INFO] [RUST] start: WCS_EN written
[  202.695472] [INFO] [RUST] stop: WCS cleared
[  202.696863] [INFO] [RUST] sbsa_gwdt: module exit — unregistering platform driver
[  202.755169] [INFO] [RUST] sbsa_gwdt: module init — registering platform driver
[  202.755212] [INFO] [RUST] probe: entry
[  202.755226] [INFO] [RUST] probe: MMIO mapped, clk=50000000 Hz
[  202.755229] [INFO] [RUST] probe: version=0 mediatek_quirk=0
[  202.755231] [INFO] [RUST] set_timeout: requested=10s clamped=10s WOR=250000000
[  202.755652] sbsa-gwdt sbsa-gwdt.0: Initialized with 10s timeout @ 50000000 Hz, action=0.
[  202.803440] [INFO] [RUST] start: WCS_EN written
[  202.803448] [INFO] [RUST] stop: WCS cleared
[  202.804854] [INFO] [RUST] sbsa_gwdt: module exit — unregistering platform driver
[  202.834467] [INFO] [RUST] sbsa_gwdt: module init — registering platform driver
[  202.834506] [INFO] [RUST] probe: entry
[  202.834516] [INFO] [RUST] probe: MMIO mapped, clk=50000000 Hz
[  202.834518] [INFO] [RUST] probe: version=0 mediatek_quirk=0
[  202.834520] [INFO] [RUST] set_timeout: requested=10s clamped=10s WOR=250000000
[  202.834980] sbsa-gwdt sbsa-gwdt.0: Initialized with 10s timeout @ 50000000 Hz, action=0.
[  202.867415] [INFO] [RUST] start: WCS_EN written
[  202.867423] [INFO] [RUST] stop: WCS cleared
[  202.868815] [INFO] [RUST] sbsa_gwdt: module exit — unregistering platform driver
[  202.887266] [INFO] [RUST] sbsa_gwdt: module init — registering platform driver
[  202.887309] [INFO] [RUST] probe: entry
[  202.887322] [INFO] [RUST] probe: MMIO mapped, clk=50000000 Hz
[  202.887324] [INFO] [RUST] probe: version=0 mediatek_quirk=0
[  202.887326] [INFO] [RUST] set_timeout: requested=10s clamped=10s WOR=250000000
[  202.887756] sbsa-gwdt sbsa-gwdt.0: Initialized with 10s timeout @ 50000000 Hz, action=0.
[  202.915408] [INFO] [RUST] start: WCS_EN written
[  202.915417] [INFO] [RUST] stop: WCS cleared
[  202.916808] [INFO] [RUST] sbsa_gwdt: module exit — unregistering platform driver
[  202.946600] [INFO] [RUST] sbsa_gwdt: module init — registering platform driver
[  202.946641] [INFO] [RUST] probe: entry
[  202.946652] [INFO] [RUST] probe: MMIO mapped, clk=50000000 Hz
[  202.946654] [INFO] [RUST] probe: version=0 mediatek_quirk=0
[  202.946656] [INFO] [RUST] set_timeout: requested=10s clamped=10s WOR=250000000
[  202.947051] sbsa-gwdt sbsa-gwdt.0: Initialized with 10s timeout @ 50000000 Hz, action=0.
[  202.975412] [INFO] [RUST] start: WCS_EN written
[  202.975421] [INFO] [RUST] stop: WCS cleared
[  202.976829] [INFO] [RUST] sbsa_gwdt: module exit — unregistering platform driver
[  203.007085] [INFO] [RUST] sbsa_gwdt: module init — registering platform driver
[  203.007128] [INFO] [RUST] probe: entry
[  203.007140] [INFO] [RUST] probe: MMIO mapped, clk=50000000 Hz
[  203.007142] [INFO] [RUST] probe: version=0 mediatek_quirk=0
[  203.007145] [INFO] [RUST] set_timeout: requested=10s clamped=10s WOR=250000000
[  203.007519] sbsa-gwdt sbsa-gwdt.0: Initialized with 10s timeout @ 50000000 Hz, action=0.
[  203.031407] [INFO] [RUST] start: WCS_EN written
[  203.031415] [INFO] [RUST] stop: WCS cleared
[  327.329939] watchdog: watchdog1: watchdog did not stop!
[  328.862117] [INFO] [RUST] softdog initialized: soft_margin=60s soft_panic=0 nowayout=0
[  449.125869] [INFO] [RUST] softdog initialized: soft_margin=60s soft_panic=0 nowayout=0
[  449.174212] [INFO] [RUST] softdog initialized: soft_margin=60s soft_panic=0 nowayout=0
[  449.238015] [INFO] [RUST] softdog initialized: soft_margin=60s soft_panic=0 nowayout=0
[  449.293593] [INFO] [RUST] softdog initialized: soft_margin=60s soft_panic=0 nowayout=0
[  449.345311] [INFO] [RUST] softdog initialized: soft_margin=60s soft_panic=0 nowayout=0
[  449.386228] [INFO] [RUST] softdog initialized: soft_margin=60s soft_panic=0 nowayout=0
[  449.430417] [INFO] [RUST] softdog initialized: soft_margin=60s soft_panic=0 nowayout=0
[  449.481918] [INFO] [RUST] softdog initialized: soft_margin=60s soft_panic=0 nowayout=0
[  449.541276] [INFO] [RUST] softdog initialized: soft_margin=60s soft_panic=0 nowayout=0
[  449.593924] [INFO] [RUST] softdog initialized: soft_margin=60s soft_panic=0 nowayout=0
[  449.996002] [INFO] [RUST] sbsa_gwdt: module exit — unregistering platform driver
[  693.567552] usb 9-1: reset high-speed USB device number 2 using xhci-hcd-rust
