[  332.552757] [INFO] [RUST] sbsa_gwdt: module init — registering platform driver
[  332.561330] [INFO] [RUST] probe: entry
[  332.566214] [INFO] [RUST] probe: MMIO mapped, clk=50000000 Hz
[  332.573085] [INFO] [RUST] probe: version=0 mediatek_quirk=0
[  332.579781] [INFO] [RUST] set_timeout: requested=10s clamped=10s WOR=250000000
[  332.589249] sbsa-gwdt sbsa-gwdt.0: Initialized with 10s timeout @ 50000000 Hz, action=0.
[  332.788928] [INFO] [RUST] SP5100/SB800 TCO WatchDog Timer Driver (Rust version)
[  332.797372] [INFO] [RUST] Scanning for SP5100 PCI devices...
[  332.804161] [INFO] [RUST] No matching PCI device found
[  333.063734] [INFO] [RUST] softdog initialized: soft_margin=60s soft_panic=0 nowayout=0
[  335.757361] [INFO] [RUST] start: WCS_EN written
[  335.763031] watchdog: watchdog0: watchdog did not stop!
[  335.769678] [INFO] [RUST] stop: WCS cleared
[  335.775212] [INFO] [RUST] start: WCS_EN written
[  335.780882] [INFO] [RUST] stop: WCS cleared
[  335.786465] [INFO] [RUST] start: WCS_EN written
[  335.792125] [INFO] [RUST] stop: WCS cleared
[  335.797584] [INFO] [RUST] start: WCS_EN written
[  335.803297] [INFO] [RUST] stop: WCS cleared
[  337.809102] [INFO] [RUST] start: WCS_EN written
[  337.814799] [INFO] [RUST] set_timeout: requested=30s clamped=30s WOR=750000000
[  337.823175] [INFO] [RUST] set_timeout: requested=10s clamped=10s WOR=250000000
[  337.831547] [INFO] [RUST] stop: WCS cleared
[  337.837085] [INFO] [RUST] start: WCS_EN written
[  337.842764] [INFO] [RUST] stop: WCS cleared
[  337.848446] [INFO] [RUST] start: WCS_EN written
[  337.854114] [INFO] [RUST] stop: WCS cleared
[  338.034019] [INFO] [RUST] start: WCS_EN written
[  338.039761] watchdog: watchdog0: watchdog did not stop!
[  338.046312] [INFO] [RUST] stop: WCS cleared
[  338.051921] [INFO] [RUST] start: WCS_EN written
[  338.057615] [INFO] [RUST] stop: WCS cleared
[  338.063165] [INFO] [RUST] start: WCS_EN written
[  338.068849] [INFO] [RUST] set_timeout: requested=3600s clamped=170s WOR=4250000000
[  338.077558] [INFO] [RUST] set_timeout: requested=10s clamped=10s WOR=250000000
[  338.085902] [INFO] [RUST] stop: WCS cleared
[  338.091415] [INFO] [RUST] start: WCS_EN written
[  338.097087] [INFO] [RUST] stop: WCS cleared
[  338.102764] [INFO] [RUST] start: WCS_EN written
[  339.608572] [INFO] [RUST] stop: WCS cleared
[  339.972047] [INFO] [RUST] start: WCS_EN written
[  339.977764] [INFO] [RUST] stop: WCS cleared
[  339.983228] [INFO] [RUST] start: WCS_EN written
[  339.988903] [INFO] [RUST] stop: WCS cleared
[  339.999521] [INFO] [RUST] start: WCS_EN written
[  360.005796] [INFO] [RUST] stop: WCS cleared
[  360.011431] [INFO] [RUST] start: WCS_EN written
[  360.017107] [INFO] [RUST] stop: WCS cleared
[  360.022681] [INFO] [RUST] start: WCS_EN written
[  360.028376] [INFO] [RUST] set_timeout: requested=1s clamped=1s WOR=25000000
[  360.036482] [INFO] [RUST] set_timeout: requested=5s clamped=5s WOR=125000000
[  360.044711] [INFO] [RUST] set_timeout: requested=10s clamped=10s WOR=250000000
[  360.053091] [INFO] [RUST] set_timeout: requested=30s clamped=30s WOR=750000000
[  360.061491] [INFO] [RUST] set_timeout: requested=60s clamped=60s WOR=1500000000
[  360.069945] [INFO] [RUST] set_timeout: requested=80s clamped=80s WOR=2000000000
[  360.078392] [INFO] [RUST] set_timeout: requested=10s clamped=10s WOR=250000000
[  360.086740] [INFO] [RUST] stop: WCS cleared
[  360.092353] [INFO] [RUST] start: WCS_EN written
[  360.098017] [INFO] [RUST] stop: WCS cleared
[  360.103365] [INFO] [RUST] start: WCS_EN written
[  360.109040] [INFO] [RUST] stop: WCS cleared
[  360.114681] [INFO] [RUST] start: WCS_EN written
[  360.120355] [INFO] [RUST] set_timeout: requested=60s clamped=60s WOR=1500000000
[  360.128790] [INFO] [RUST] stop: WCS cleared
[  360.134104] [INFO] [RUST] start: WCS_EN written
[  360.139760] watchdog: watchdog0: watchdog did not stop!
[  361.646352] [INFO] [RUST] set_timeout: requested=10s clamped=10s WOR=250000000
[  361.654707] [INFO] [RUST] stop: WCS cleared
[  361.862094] watchdog: watchdog1: watchdog did not stop!
[  364.089078] watchdog: watchdog1: watchdog did not stop!
[  485.977099] watchdog: watchdog1: watchdog did not stop!
[  487.509863] [INFO] [RUST] softdog initialized: soft_margin=60s soft_panic=0 nowayout=0
